---------------------------------------
Begin Slurm Prolog: Jun-22-2025 23:38:11
Job ID:    5365305
User ID:   jchen3392
Account:   gts-ur2
Job name:  my_a100_job
Partition: gpu-a100
QOS:       inferno
---------------------------------------
Sun Jun 22 23:38:16 2025       
+-----------------------------------------------------------------------------------------+
| NVIDIA-SMI 570.124.06             Driver Version: 570.124.06     CUDA Version: 12.8     |
|-----------------------------------------+------------------------+----------------------+
| GPU  Name                 Persistence-M | Bus-Id          Disp.A | Volatile Uncorr. ECC |
| Fan  Temp   Perf          Pwr:Usage/Cap |           Memory-Usage | GPU-Util  Compute M. |
|                                         |                        |               MIG M. |
|=========================================+========================+======================|
|   0  NVIDIA A100-PCIE-40GB          On  |   00000000:C1:00.0 Off |                    0 |
| N/A   34C    P0             43W /  250W |       1MiB /  40960MiB |      0%      Default |
|                                         |                        |             Disabled |
+-----------------------------------------+------------------------+----------------------+
                                                                                         
+-----------------------------------------------------------------------------------------+
| Processes:                                                                              |
|  GPU   GI   CI              PID   Type   Process name                        GPU Memory |
|        ID   ID                                                               Usage      |
|=========================================================================================|
|  No running processes found                                                             |
+-----------------------------------------------------------------------------------------+
🎯 DENSENET COMPILATION BENCHMARK
PyTorch version: 2.5.1
GPU Information:
  Device: NVIDIA A100-PCIE-40GB
  CUDA version: 11.8
  Memory: 42.4 GB
  Compute capability: 8.0
Methodology: 100 warmup + 100 timing iterations with CUDA events


=== BATCH SIZE 1 ===

--- Benchmarking densenet121 (batch_size=1) ---
  Compiling model (first run)...
  Testing Eager...
    Average latency: 12.75 ms
  Testing Compiled...
    Average latency: 9.14 ms

--- Benchmarking densenet161 (batch_size=1) ---
  Compiling model (first run)...
  Testing Eager...
    Average latency: 17.73 ms
  Testing Compiled...
    Average latency: 14.57 ms

--- Benchmarking densenet169 (batch_size=1) ---
  Compiling model (first run)...
  Testing Eager...
    Average latency: 17.83 ms
  Testing Compiled...
    Average latency: 14.85 ms

--- Benchmarking densenet201 (batch_size=1) ---
  Compiling model (first run)...
  Testing Eager...
    Average latency: 21.66 ms
  Testing Compiled...
    Average latency: 19.97 ms

=== BATCH SIZE 4 ===

--- Benchmarking densenet121 (batch_size=4) ---
  Compiling model (first run)...
  Testing Eager...
    Average latency: 12.97 ms
  Testing Compiled...
    Average latency: 9.65 ms

--- Benchmarking densenet161 (batch_size=4) ---
  Compiling model (first run)...
  Testing Eager...
    Average latency: 17.87 ms
  Testing Compiled...
    Average latency: 15.09 ms

--- Benchmarking densenet169 (batch_size=4) ---
  Compiling model (first run)...
  Testing Eager...
    Average latency: 17.96 ms
  Testing Compiled...
    Average latency: 15.60 ms

--- Benchmarking densenet201 (batch_size=4) ---
  Compiling model (first run)...
  Testing Eager...
    Average latency: 21.83 ms
  Testing Compiled...
    Average latency: 21.13 ms

=== BATCH SIZE 8 ===

--- Benchmarking densenet121 (batch_size=8) ---
  Compiling model (first run)...
  Testing Eager...
    Average latency: 12.77 ms
  Testing Compiled...
    Average latency: 9.44 ms

--- Benchmarking densenet161 (batch_size=8) ---
  Compiling model (first run)...
  Testing Eager...
    Average latency: 17.55 ms
  Testing Compiled...
    Average latency: 15.50 ms

--- Benchmarking densenet169 (batch_size=8) ---
  Compiling model (first run)...
  Testing Eager...
    Average latency: 18.89 ms
  Testing Compiled...
    Average latency: 15.46 ms

--- Benchmarking densenet201 (batch_size=8) ---
  Compiling model (first run)...
  Testing Eager...
    Average latency: 21.84 ms
  Testing Compiled...
    Average latency: 20.74 ms

=== BATCH SIZE 16 ===

--- Benchmarking densenet121 (batch_size=16) ---
  Compiling model (first run)...
  Testing Eager...
    Average latency: 12.89 ms
  Testing Compiled...
    Average latency: 9.42 ms

--- Benchmarking densenet161 (batch_size=16) ---
  Compiling model (first run)...
  Testing Eager...
    Average latency: 18.00 ms
  Testing Compiled...
    Average latency: 14.69 ms

--- Benchmarking densenet169 (batch_size=16) ---
  Compiling model (first run)...
  Testing Eager...
    Average latency: 18.16 ms
  Testing Compiled...
    Average latency: 15.19 ms

--- Benchmarking densenet201 (batch_size=16) ---
  Compiling model (first run)...
  Testing Eager...
    Average latency: 21.61 ms
  Testing Compiled...
    Average latency: 20.33 ms

✅ Results saved: densenet_results/densenet_benchmark_20250622_235853.csv

===========================================================================
RESULTS SUMMARY
===========================================================================
Model        BS  Eager(ms)  Compiled(ms)  Speedup 
-------------------------------------------------------
densenet121  1   12.75      9.14          1.40   🚀
densenet161  1   17.73      14.57         1.22   🚀
densenet169  1   17.83      14.85         1.20   🚀
densenet201  1   21.66      19.97         1.08   🚀
densenet121  4   12.97      9.65          1.34   🚀
densenet161  4   17.87      15.09         1.18   🚀
densenet169  4   17.96      15.60         1.15   🚀
densenet201  4   21.83      21.13         1.03   🚀
densenet121  8   12.77      9.44          1.35   🚀
densenet161  8   17.55      15.50         1.13   🚀
densenet169  8   18.89      15.46         1.22   🚀
densenet201  8   21.84      20.74         1.05   🚀
densenet121  16  12.89      9.42          1.37   🚀
densenet161  16  18.00      14.69         1.23   🚀
densenet169  16  18.16      15.19         1.19   🚀
densenet201  16  21.61      20.33         1.06   🚀
===========================================================================
---------------------------------------
Begin Slurm Epilog: Jun-22-2025 23:59:30
Job ID:        5365305
User ID:       jchen3392
Account:       gts-ur2
Job name:      my_a100_job
Resources:     cpu=2,gres/gpu:a100=1,mem=32G,node=1
Rsrc Used:     cput=00:42:38,vmem=0,walltime=00:21:19,mem=7127340K,energy_used=0
Partition:     gpu-a100
QOS:           inferno
Nodes:         atl1-1-02-018-25-0
---------------------------------------
