---------------------------------------
Begin Slurm Prolog: Jun-25-2025 23:51:51
Job ID:    5597145
User ID:   jchen3392
Account:   gts-ur2
Job name:  my_a100_job
Partition: gpu-a100
QOS:       inferno
---------------------------------------
Using Python from: /storage/home/hcoda1/6/jchen3392/p-ur2-0/conda/envs/torch_env/bin/python
PyTorch version: 2.5.1
CUDA available: True
Wed Jun 25 23:53:01 2025       
+-----------------------------------------------------------------------------------------+
| NVIDIA-SMI 570.124.06             Driver Version: 570.124.06     CUDA Version: 12.8     |
|-----------------------------------------+------------------------+----------------------+
| GPU  Name                 Persistence-M | Bus-Id          Disp.A | Volatile Uncorr. ECC |
| Fan  Temp   Perf          Pwr:Usage/Cap |           Memory-Usage | GPU-Util  Compute M. |
|                                         |                        |               MIG M. |
|=========================================+========================+======================|
|   0  NVIDIA A100-PCIE-40GB          On  |   00000000:25:00.0 Off |                    0 |
| N/A   33C    P0             47W /  250W |       1MiB /  40960MiB |      0%      Default |
|                                         |                        |             Disabled |
+-----------------------------------------+------------------------+----------------------+
                                                                                         
+-----------------------------------------------------------------------------------------+
| Processes:                                                                              |
|  GPU   GI   CI              PID   Type   Process name                        GPU Memory |
|        ID   ID                                                               Usage      |
|=========================================================================================|
|  No running processes found                                                             |
+-----------------------------------------------------------------------------------------+
Import failed even with compatibility fix: No module named 'python312_fix'
🎯 QUANTIZED MODEL COMPILATION BENCHMARK
============================================================
🔍 SETUP CHECK
PyTorch version: 2.5.1
CUDA available: True
GPU: NVIDIA A100-PCIE-40GB
✅ Setup looks good! Using quantized repo at: /storage/coda1/p-ur2/0/jchen3392/quantized.pytorch
Testing basic PyTorch functionality...
✅ Basic PyTorch CUDA test passed: torch.Size([2, 3])
🎯 QUANTIZED MODEL COMPILATION BENCHMARK
PyTorch version: 2.5.1
GPU Information:
  Device: NVIDIA A100-PCIE-40GB
  CUDA version: 11.8
  Memory: 42.4 GB
  Compute capability: 8.0
Methodology: 50 warmup + 50 timing iterations with CUDA events

Available models in repository: ['resnet', 'resnet_bwn', 'resnet_quantized', 'resnet_quantized_float_bn', 'resnext', 'inception_resnet_v2', 'inception_v2', 'mobilenet', 'mobilenet_quantized']
Found quantized models: ['resnet_quantized', 'resnet_quantized_float_bn', 'mobilenet_quantized']
Will test 16 model configurations

============================================================
BATCH SIZE 1
============================================================

--- Benchmarking resnet_quantized_depth18 (batch_size=1) ---
  Loading resnet_quantized with config: {'depth': 18, 'dataset': 'imagenet'}
  ✅ Successfully loaded resnet_quantized
  ✅ Model moved to cuda
  Testing Eager mode...
  ✅ Eager mode working
  Testing Compiled mode...
    Compiling model (first run)...
  ✅ Compilation successful
  Benchmarking Eager...
    Warming up with 100 iterations...
    Timing 100 iterations...
    Average latency: 26.34 ms
  Benchmarking Compiled...
    Warming up with 100 iterations...
    Timing 100 iterations...
    Average latency: 21.62 ms

--- Benchmarking resnet_quantized_depth34 (batch_size=1) ---
  Loading resnet_quantized with config: {'depth': 34, 'dataset': 'imagenet'}
  ✅ Successfully loaded resnet_quantized
  ✅ Model moved to cuda
  Testing Eager mode...
  ✅ Eager mode working
  Testing Compiled mode...
    Compiling model (first run)...
  ✅ Compilation successful
  Benchmarking Eager...
    Warming up with 100 iterations...
    Timing 100 iterations...
    Average latency: 45.72 ms
  Benchmarking Compiled...
    Warming up with 100 iterations...
    Timing 100 iterations...
    Average latency: 39.11 ms

--- Benchmarking resnet_quantized_depth50 (batch_size=1) ---
  Loading resnet_quantized with config: {'depth': 50, 'dataset': 'imagenet'}
  ✅ Successfully loaded resnet_quantized
  ✅ Model moved to cuda
  Testing Eager mode...
  ✅ Eager mode working
  Testing Compiled mode...
    Compiling model (first run)...
  ✅ Compilation successful
  Benchmarking Eager...
    Warming up with 100 iterations...
    Timing 100 iterations...
    Average latency: 68.68 ms
  Benchmarking Compiled...
    Warming up with 100 iterations...
    Timing 100 iterations...
    Average latency: 74.16 ms

--- Benchmarking resnet_quantized_depth101 (batch_size=1) ---
  Loading resnet_quantized with config: {'depth': 101, 'dataset': 'imagenet'}
  ✅ Successfully loaded resnet_quantized
  ✅ Model moved to cuda
  Testing Eager mode...
  ✅ Eager mode working
  Testing Compiled mode...
    Compiling model (first run)...
  ✅ Compilation successful
  Benchmarking Eager...
    Warming up with 100 iterations...
    Timing 100 iterations...
    Average latency: 130.84 ms
  Benchmarking Compiled...
    Warming up with 100 iterations...
    Timing 100 iterations...
    Average latency: 142.98 ms

--- Benchmarking resnet_quantized_depth152 (batch_size=1) ---
  Loading resnet_quantized with config: {'depth': 152, 'dataset': 'imagenet'}
  ✅ Successfully loaded resnet_quantized
  ✅ Model moved to cuda
  Testing Eager mode...
  ✅ Eager mode working
  Testing Compiled mode...
    Compiling model (first run)...
  ✅ Compilation successful
  Benchmarking Eager...
    Warming up with 100 iterations...
    Timing 100 iterations...
    Average latency: 198.12 ms
  Benchmarking Compiled...
    Warming up with 100 iterations...
    Timing 100 iterations...
    Average latency: 213.24 ms

--- Benchmarking resnet_quantized_float_bn_depth18 (batch_size=1) ---
  Loading resnet_quantized_float_bn with config: {'depth': 18, 'dataset': 'imagenet'}
  ✅ Successfully loaded resnet_quantized_float_bn
  ✅ Model moved to cuda
  Testing Eager mode...
  ✅ Eager mode working
  Testing Compiled mode...
    Compiling model (first run)...
  ✅ Compilation successful
  Benchmarking Eager...
    Warming up with 100 iterations...
    Timing 100 iterations...
    Average latency: 9.77 ms
  Benchmarking Compiled...
    Warming up with 100 iterations...
    Timing 100 iterations...
    Average latency: 10.43 ms

--- Benchmarking resnet_quantized_float_bn_depth34 (batch_size=1) ---
  Loading resnet_quantized_float_bn with config: {'depth': 34, 'dataset': 'imagenet'}
  ✅ Successfully loaded resnet_quantized_float_bn
  ✅ Model moved to cuda
  Testing Eager mode...
  ✅ Eager mode working
  Testing Compiled mode...
    Compiling model (first run)...
  ✅ Compilation successful
  Benchmarking Eager...
    Warming up with 100 iterations...
    Timing 100 iterations...
    Average latency: 17.48 ms
  Benchmarking Compiled...
    Warming up with 100 iterations...
    Timing 100 iterations...
    Average latency: 18.73 ms

--- Benchmarking resnet_quantized_float_bn_depth50 (batch_size=1) ---
  Loading resnet_quantized_float_bn with config: {'depth': 50, 'dataset': 'imagenet'}
  ✅ Successfully loaded resnet_quantized_float_bn
  ✅ Model moved to cuda
  Testing Eager mode...
  ✅ Eager mode working
  Testing Compiled mode...
    Compiling model (first run)...
  ✅ Compilation successful
  Benchmarking Eager...
    Warming up with 100 iterations...
    Timing 100 iterations...
    Average latency: 28.11 ms
  Benchmarking Compiled...
    Warming up with 100 iterations...
    Timing 100 iterations...
    Average latency: 27.77 ms

--- Benchmarking resnet_quantized_float_bn_depth101 (batch_size=1) ---
  Loading resnet_quantized_float_bn with config: {'depth': 101, 'dataset': 'imagenet'}
  ✅ Successfully loaded resnet_quantized_float_bn
  ✅ Model moved to cuda
  Testing Eager mode...
  ✅ Eager mode working
  Testing Compiled mode...
    Compiling model (first run)...
  ✅ Compilation successful
  Benchmarking Eager...
    Warming up with 100 iterations...
    Timing 100 iterations...
    Average latency: 49.33 ms
  Benchmarking Compiled...
    Warming up with 100 iterations...
    Timing 100 iterations...
    Average latency: 52.58 ms

--- Benchmarking resnet_quantized_float_bn_depth152 (batch_size=1) ---
  Loading resnet_quantized_float_bn with config: {'depth': 152, 'dataset': 'imagenet'}
  ✅ Successfully loaded resnet_quantized_float_bn
  ✅ Model moved to cuda
  Testing Eager mode...
  ✅ Eager mode working
  Testing Compiled mode...
    Compiling model (first run)...
  ✅ Compilation successful
  Benchmarking Eager...
    Warming up with 100 iterations...
    Timing 100 iterations...
    Average latency: 73.73 ms
  Benchmarking Compiled...
    Warming up with 100 iterations...
    Timing 100 iterations...
    Average latency: 77.91 ms

--- Benchmarking mobilenet_quantized_width0.25_num_classes1000 (batch_size=1) ---
  Loading mobilenet_quantized with config: {'width': 0.25, 'shallow': False, 'num_classes': 1000}
  ✅ Successfully loaded mobilenet_quantized
  ✅ Model moved to cuda
  Testing Eager mode...
  ✅ Eager mode working
  Testing Compiled mode...
    Compiling model (first run)...
  ✅ Compilation successful
  Benchmarking Eager...
    Warming up with 100 iterations...
    Timing 100 iterations...
    Average latency: 36.36 ms
  Benchmarking Compiled...
    Warming up with 100 iterations...
    Timing 100 iterations...
    Average latency: 37.86 ms

--- Benchmarking mobilenet_quantized_width0.5_num_classes1000 (batch_size=1) ---
  Loading mobilenet_quantized with config: {'width': 0.5, 'shallow': False, 'num_classes': 1000}
  ✅ Successfully loaded mobilenet_quantized
  ✅ Model moved to cuda
  Testing Eager mode...
  ✅ Eager mode working
  Testing Compiled mode...
    Compiling model (first run)...
  ✅ Compilation successful
  Benchmarking Eager...
    Warming up with 100 iterations...
    Timing 100 iterations...
    Average latency: 36.40 ms
  Benchmarking Compiled...
    Warming up with 100 iterations...
    Timing 100 iterations...
    Average latency: 37.49 ms

--- Benchmarking mobilenet_quantized_width1.0_num_classes1000 (batch_size=1) ---
  Loading mobilenet_quantized with config: {'width': 1.0, 'shallow': False, 'num_classes': 1000}
  ✅ Successfully loaded mobilenet_quantized
  ✅ Model moved to cuda
  Testing Eager mode...
  ✅ Eager mode working
  Testing Compiled mode...
    Compiling model (first run)...
  ✅ Compilation successful
  Benchmarking Eager...
    Warming up with 100 iterations...
    Timing 100 iterations...
    Average latency: 36.93 ms
  Benchmarking Compiled...
    Warming up with 100 iterations...
    Timing 100 iterations...
    Average latency: 38.26 ms

--- Benchmarking mobilenet_quantized_width1.4_num_classes1000 (batch_size=1) ---
  Loading mobilenet_quantized with config: {'width': 1.4, 'shallow': False, 'num_classes': 1000}
  ✅ Successfully loaded mobilenet_quantized
  ✅ Model moved to cuda
  Testing Eager mode...
  ✅ Eager mode working
  Testing Compiled mode...
    Compiling model (first run)...
  ✅ Compilation successful
  Benchmarking Eager...
    Warming up with 100 iterations...
    Timing 100 iterations...
    Average latency: 36.02 ms
  Benchmarking Compiled...
    Warming up with 100 iterations...
    Timing 100 iterations...
    Average latency: 37.88 ms

--- Benchmarking mobilenet_quantized_width1.0_shallow_num_classes1000 (batch_size=1) ---
  Loading mobilenet_quantized with config: {'width': 1.0, 'shallow': True, 'num_classes': 1000}
  ✅ Successfully loaded mobilenet_quantized
  ✅ Model moved to cuda
  Testing Eager mode...
  ✅ Eager mode working
  Testing Compiled mode...
    Compiling model (first run)...
  ✅ Compilation successful
  Benchmarking Eager...
    Warming up with 100 iterations...
    Timing 100 iterations...
    Average latency: 23.10 ms
  Benchmarking Compiled...
    Warming up with 100 iterations...
    Timing 100 iterations...
    Average latency: 23.99 ms

--- Benchmarking mobilenet_quantized_width1.0_num_classes1000 (batch_size=1) ---
  Loading mobilenet_quantized with config: {'width': 1.0, 'shallow': False, 'num_classes': 1000}
  ✅ Successfully loaded mobilenet_quantized
  ✅ Model moved to cuda
  Testing Eager mode...
  ✅ Eager mode working
  Testing Compiled mode...
    Compiling model (first run)...
  ✅ Compilation successful
  Benchmarking Eager...
    Warming up with 100 iterations...
    Timing 100 iterations...
    Average latency: 37.70 ms
  Benchmarking Compiled...
    Warming up with 100 iterations...
    Timing 100 iterations...
    Average latency: 38.45 ms

============================================================
BATCH SIZE 4
============================================================

--- Benchmarking resnet_quantized_depth18 (batch_size=4) ---
  Loading resnet_quantized with config: {'depth': 18, 'dataset': 'imagenet'}
  ✅ Successfully loaded resnet_quantized
  ✅ Model moved to cuda
  Testing Eager mode...
  ✅ Eager mode working
  Testing Compiled mode...
    Compiling model (first run)...
  ✅ Compilation successful
  Benchmarking Eager...
    Warming up with 100 iterations...
    Timing 100 iterations...
    Average latency: 26.36 ms
  Benchmarking Compiled...
    Warming up with 100 iterations...
    Timing 100 iterations...
    Average latency: 28.45 ms

--- Benchmarking resnet_quantized_depth34 (batch_size=4) ---
  Loading resnet_quantized with config: {'depth': 34, 'dataset': 'imagenet'}
  ✅ Successfully loaded resnet_quantized
  ✅ Model moved to cuda
  Testing Eager mode...
  ✅ Eager mode working
  Testing Compiled mode...
    Compiling model (first run)...
  ✅ Compilation successful
  Benchmarking Eager...
    Warming up with 100 iterations...
    Timing 100 iterations...
    Average latency: 47.16 ms
  Benchmarking Compiled...
    Warming up with 100 iterations...
    Timing 100 iterations...
    Average latency: 52.77 ms

--- Benchmarking resnet_quantized_depth50 (batch_size=4) ---
  Loading resnet_quantized with config: {'depth': 50, 'dataset': 'imagenet'}
  ✅ Successfully loaded resnet_quantized
  ✅ Model moved to cuda
  Testing Eager mode...
  ✅ Eager mode working
  Testing Compiled mode...
    Compiling model (first run)...
  ✅ Compilation successful
  Benchmarking Eager...
    Warming up with 100 iterations...
    Timing 100 iterations...
    Average latency: 67.03 ms
  Benchmarking Compiled...
    Warming up with 100 iterations...
    Timing 100 iterations...
    Average latency: 72.25 ms

--- Benchmarking resnet_quantized_depth101 (batch_size=4) ---
  Loading resnet_quantized with config: {'depth': 101, 'dataset': 'imagenet'}
  ✅ Successfully loaded resnet_quantized
  ✅ Model moved to cuda
  Testing Eager mode...
  ✅ Eager mode working
  Testing Compiled mode...
    Compiling model (first run)...
  ✅ Compilation successful
  Benchmarking Eager...
    Warming up with 100 iterations...
    Timing 100 iterations...
    Average latency: 128.00 ms
  Benchmarking Compiled...
    Warming up with 100 iterations...
    Timing 100 iterations...
    Average latency: 145.36 ms

--- Benchmarking resnet_quantized_depth152 (batch_size=4) ---
  Loading resnet_quantized with config: {'depth': 152, 'dataset': 'imagenet'}
  ✅ Successfully loaded resnet_quantized
  ✅ Model moved to cuda
  Testing Eager mode...
  ✅ Eager mode working
  Testing Compiled mode...
    Compiling model (first run)...
  ✅ Compilation successful
  Benchmarking Eager...
    Warming up with 100 iterations...
    Timing 100 iterations...
    Average latency: 192.35 ms
  Benchmarking Compiled...
    Warming up with 100 iterations...
    Timing 100 iterations...
    Average latency: 211.97 ms

--- Benchmarking resnet_quantized_float_bn_depth18 (batch_size=4) ---
  Loading resnet_quantized_float_bn with config: {'depth': 18, 'dataset': 'imagenet'}
  ✅ Successfully loaded resnet_quantized_float_bn
  ✅ Model moved to cuda
  Testing Eager mode...
  ✅ Eager mode working
  Testing Compiled mode...
    Compiling model (first run)...
  ✅ Compilation successful
  Benchmarking Eager...
    Warming up with 100 iterations...
    Timing 100 iterations...
    Average latency: 10.01 ms
  Benchmarking Compiled...
    Warming up with 100 iterations...
    Timing 100 iterations...
    Average latency: 10.54 ms

--- Benchmarking resnet_quantized_float_bn_depth34 (batch_size=4) ---
  Loading resnet_quantized_float_bn with config: {'depth': 34, 'dataset': 'imagenet'}
  ✅ Successfully loaded resnet_quantized_float_bn
  ✅ Model moved to cuda
  Testing Eager mode...
  ✅ Eager mode working
  Testing Compiled mode...
    Compiling model (first run)...
  ✅ Compilation successful
  Benchmarking Eager...
    Warming up with 100 iterations...
    Timing 100 iterations...
    Average latency: 17.65 ms
  Benchmarking Compiled...
    Warming up with 100 iterations...
    Timing 100 iterations...
    Average latency: 18.67 ms

--- Benchmarking resnet_quantized_float_bn_depth50 (batch_size=4) ---
  Loading resnet_quantized_float_bn with config: {'depth': 50, 'dataset': 'imagenet'}
  ✅ Successfully loaded resnet_quantized_float_bn
  ✅ Model moved to cuda
  Testing Eager mode...
  ✅ Eager mode working
  Testing Compiled mode...
    Compiling model (first run)...
  ✅ Compilation successful
  Benchmarking Eager...
    Warming up with 100 iterations...
    Timing 100 iterations...
    Average latency: 25.47 ms
  Benchmarking Compiled...
    Warming up with 100 iterations...
    Timing 100 iterations...
    Average latency: 27.46 ms

--- Benchmarking resnet_quantized_float_bn_depth101 (batch_size=4) ---
  Loading resnet_quantized_float_bn with config: {'depth': 101, 'dataset': 'imagenet'}
  ✅ Successfully loaded resnet_quantized_float_bn
  ✅ Model moved to cuda
  Testing Eager mode...
  ✅ Eager mode working
  Testing Compiled mode...
    Compiling model (first run)...
  ✅ Compilation successful
  Benchmarking Eager...
    Warming up with 100 iterations...
    Timing 100 iterations...
    Average latency: 50.22 ms
  Benchmarking Compiled...
    Warming up with 100 iterations...
    Timing 100 iterations...
    Average latency: 51.35 ms

--- Benchmarking resnet_quantized_float_bn_depth152 (batch_size=4) ---
  Loading resnet_quantized_float_bn with config: {'depth': 152, 'dataset': 'imagenet'}
  ✅ Successfully loaded resnet_quantized_float_bn
  ✅ Model moved to cuda
  Testing Eager mode...
  ✅ Eager mode working
  Testing Compiled mode...
    Compiling model (first run)...
  ✅ Compilation successful
  Benchmarking Eager...
    Warming up with 100 iterations...
    Timing 100 iterations...
    Average latency: 76.13 ms
  Benchmarking Compiled...
    Warming up with 100 iterations...
    Timing 100 iterations...
    Average latency: 74.86 ms

--- Benchmarking mobilenet_quantized_width0.25_num_classes1000 (batch_size=4) ---
  Loading mobilenet_quantized with config: {'width': 0.25, 'shallow': False, 'num_classes': 1000}
  ✅ Successfully loaded mobilenet_quantized
  ✅ Model moved to cuda
  Testing Eager mode...
  ✅ Eager mode working
  Testing Compiled mode...
    Compiling model (first run)...
  ✅ Compilation successful
  Benchmarking Eager...
    Warming up with 100 iterations...
    Timing 100 iterations...
    Average latency: 36.37 ms
  Benchmarking Compiled...
    Warming up with 100 iterations...
    Timing 100 iterations...
    Average latency: 37.92 ms

--- Benchmarking mobilenet_quantized_width0.5_num_classes1000 (batch_size=4) ---
  Loading mobilenet_quantized with config: {'width': 0.5, 'shallow': False, 'num_classes': 1000}
  ✅ Successfully loaded mobilenet_quantized
  ✅ Model moved to cuda
  Testing Eager mode...
  ✅ Eager mode working
  Testing Compiled mode...
    Compiling model (first run)...
  ✅ Compilation successful
  Benchmarking Eager...
    Warming up with 100 iterations...
    Timing 100 iterations...
    Average latency: 42.08 ms
  Benchmarking Compiled...
    Warming up with 100 iterations...
    Timing 100 iterations...
    Average latency: 37.55 ms

--- Benchmarking mobilenet_quantized_width1.0_num_classes1000 (batch_size=4) ---
  Loading mobilenet_quantized with config: {'width': 1.0, 'shallow': False, 'num_classes': 1000}
  ✅ Successfully loaded mobilenet_quantized
  ✅ Model moved to cuda
  Testing Eager mode...
  ✅ Eager mode working
  Testing Compiled mode...
    Compiling model (first run)...
  ✅ Compilation successful
  Benchmarking Eager...
    Warming up with 100 iterations...
    Timing 100 iterations...
    Average latency: 38.16 ms
  Benchmarking Compiled...
    Warming up with 100 iterations...
    Timing 100 iterations...
    Average latency: 37.73 ms

--- Benchmarking mobilenet_quantized_width1.4_num_classes1000 (batch_size=4) ---
  Loading mobilenet_quantized with config: {'width': 1.4, 'shallow': False, 'num_classes': 1000}
  ✅ Successfully loaded mobilenet_quantized
  ✅ Model moved to cuda
  Testing Eager mode...
  ✅ Eager mode working
  Testing Compiled mode...
    Compiling model (first run)...
  ✅ Compilation successful
  Benchmarking Eager...
    Warming up with 100 iterations...
    Timing 100 iterations...
    Average latency: 36.57 ms
  Benchmarking Compiled...
    Warming up with 100 iterations...
    Timing 100 iterations...
    Average latency: 38.20 ms

--- Benchmarking mobilenet_quantized_width1.0_shallow_num_classes1000 (batch_size=4) ---
  Loading mobilenet_quantized with config: {'width': 1.0, 'shallow': True, 'num_classes': 1000}
  ✅ Successfully loaded mobilenet_quantized
  ✅ Model moved to cuda
  Testing Eager mode...
  ✅ Eager mode working
  Testing Compiled mode...
    Compiling model (first run)...
  ✅ Compilation successful
  Benchmarking Eager...
    Warming up with 100 iterations...
    Timing 100 iterations...
    Average latency: 23.43 ms
  Benchmarking Compiled...
    Warming up with 100 iterations...
    Timing 100 iterations...
    Average latency: 23.74 ms

--- Benchmarking mobilenet_quantized_width1.0_num_classes1000 (batch_size=4) ---
  Loading mobilenet_quantized with config: {'width': 1.0, 'shallow': False, 'num_classes': 1000}
  ✅ Successfully loaded mobilenet_quantized
  ✅ Model moved to cuda
  Testing Eager mode...
  ✅ Eager mode working
  Testing Compiled mode...
    Compiling model (first run)...
  ✅ Compilation successful
  Benchmarking Eager...
    Warming up with 100 iterations...
    Timing 100 iterations...
    Average latency: 36.01 ms
  Benchmarking Compiled...
    Warming up with 100 iterations...
    Timing 100 iterations...
    Average latency: 37.47 ms

============================================================
BATCH SIZE 8
============================================================

--- Benchmarking resnet_quantized_depth18 (batch_size=8) ---
  Loading resnet_quantized with config: {'depth': 18, 'dataset': 'imagenet'}
  ✅ Successfully loaded resnet_quantized
  ✅ Model moved to cuda
  Testing Eager mode...
  ✅ Eager mode working
  Testing Compiled mode...
    Compiling model (first run)...
  ✅ Compilation successful
  Benchmarking Eager...
    Warming up with 100 iterations...
    Timing 100 iterations...
    Average latency: 26.03 ms
  Benchmarking Compiled...
    Warming up with 100 iterations...
    Timing 100 iterations...
    Average latency: 28.41 ms

--- Benchmarking resnet_quantized_depth34 (batch_size=8) ---
  Loading resnet_quantized with config: {'depth': 34, 'dataset': 'imagenet'}
  ✅ Successfully loaded resnet_quantized
  ✅ Model moved to cuda
  Testing Eager mode...
  ✅ Eager mode working
  Testing Compiled mode...
    Compiling model (first run)...
  ✅ Compilation successful
  Benchmarking Eager...
    Warming up with 100 iterations...
    Timing 100 iterations...
    Average latency: 45.69 ms
  Benchmarking Compiled...
    Warming up with 100 iterations...
    Timing 100 iterations...
    Average latency: 55.99 ms

--- Benchmarking resnet_quantized_depth50 (batch_size=8) ---
  Loading resnet_quantized with config: {'depth': 50, 'dataset': 'imagenet'}
  ✅ Successfully loaded resnet_quantized
  ✅ Model moved to cuda
  Testing Eager mode...
  ✅ Eager mode working
  Testing Compiled mode...
    Compiling model (first run)...
  ✅ Compilation successful
  Benchmarking Eager...
    Warming up with 100 iterations...
    Timing 100 iterations...
    Average latency: 68.57 ms
  Benchmarking Compiled...
    Warming up with 100 iterations...
    Timing 100 iterations...
    Average latency: 72.91 ms

--- Benchmarking resnet_quantized_depth101 (batch_size=8) ---
  Loading resnet_quantized with config: {'depth': 101, 'dataset': 'imagenet'}
  ✅ Successfully loaded resnet_quantized
  ✅ Model moved to cuda
  Testing Eager mode...
  ✅ Eager mode working
  Testing Compiled mode...
    Compiling model (first run)...
  ✅ Compilation successful
  Benchmarking Eager...
    Warming up with 100 iterations...
    Timing 100 iterations...
    Average latency: 131.30 ms
  Benchmarking Compiled...
    Warming up with 100 iterations...
    Timing 100 iterations...
    Average latency: 141.12 ms

--- Benchmarking resnet_quantized_depth152 (batch_size=8) ---
  Loading resnet_quantized with config: {'depth': 152, 'dataset': 'imagenet'}
  ✅ Successfully loaded resnet_quantized
  ✅ Model moved to cuda
  Testing Eager mode...
  ✅ Eager mode working
  Testing Compiled mode...
    Compiling model (first run)...
  ✅ Compilation successful
  Benchmarking Eager...
    Warming up with 100 iterations...
    Timing 100 iterations...
    Average latency: 196.81 ms
  Benchmarking Compiled...
    Warming up with 100 iterations...
    Timing 100 iterations...
    Average latency: 212.23 ms

--- Benchmarking resnet_quantized_float_bn_depth18 (batch_size=8) ---
  Loading resnet_quantized_float_bn with config: {'depth': 18, 'dataset': 'imagenet'}
  ✅ Successfully loaded resnet_quantized_float_bn
  ✅ Model moved to cuda
  Testing Eager mode...
  ✅ Eager mode working
  Testing Compiled mode...
    Compiling model (first run)...
  ✅ Compilation successful
  Benchmarking Eager...
    Warming up with 100 iterations...
    Timing 100 iterations...
    Average latency: 10.09 ms
  Benchmarking Compiled...
    Warming up with 100 iterations...
    Timing 100 iterations...
    Average latency: 10.41 ms

--- Benchmarking resnet_quantized_float_bn_depth34 (batch_size=8) ---
  Loading resnet_quantized_float_bn with config: {'depth': 34, 'dataset': 'imagenet'}
  ✅ Successfully loaded resnet_quantized_float_bn
  ✅ Model moved to cuda
  Testing Eager mode...
  ✅ Eager mode working
  Testing Compiled mode...
    Compiling model (first run)...
  ✅ Compilation successful
  Benchmarking Eager...
    Warming up with 100 iterations...
    Timing 100 iterations...
    Average latency: 17.52 ms
  Benchmarking Compiled...
    Warming up with 100 iterations...
    Timing 100 iterations...
    Average latency: 18.39 ms

--- Benchmarking resnet_quantized_float_bn_depth50 (batch_size=8) ---
  Loading resnet_quantized_float_bn with config: {'depth': 50, 'dataset': 'imagenet'}
  ✅ Successfully loaded resnet_quantized_float_bn
  ✅ Model moved to cuda
  Testing Eager mode...
  ✅ Eager mode working
  Testing Compiled mode...
    Compiling model (first run)...
  ✅ Compilation successful
  Benchmarking Eager...
    Warming up with 100 iterations...
    Timing 100 iterations...
    Average latency: 26.21 ms
  Benchmarking Compiled...
    Warming up with 100 iterations...
    Timing 100 iterations...
    Average latency: 27.77 ms

--- Benchmarking resnet_quantized_float_bn_depth101 (batch_size=8) ---
  Loading resnet_quantized_float_bn with config: {'depth': 101, 'dataset': 'imagenet'}
  ✅ Successfully loaded resnet_quantized_float_bn
  ✅ Model moved to cuda
  Testing Eager mode...
  ✅ Eager mode working
  Testing Compiled mode...
    Compiling model (first run)...
  ✅ Compilation successful
  Benchmarking Eager...
    Warming up with 100 iterations...
    Timing 100 iterations...
    Average latency: 51.68 ms
  Benchmarking Compiled...
    Warming up with 100 iterations...
    Timing 100 iterations...
    Average latency: 52.81 ms

--- Benchmarking resnet_quantized_float_bn_depth152 (batch_size=8) ---
  Loading resnet_quantized_float_bn with config: {'depth': 152, 'dataset': 'imagenet'}
  ✅ Successfully loaded resnet_quantized_float_bn
  ✅ Model moved to cuda
  Testing Eager mode...
  ✅ Eager mode working
  Testing Compiled mode...
    Compiling model (first run)...
  ✅ Compilation successful
  Benchmarking Eager...
    Warming up with 100 iterations...
    Timing 100 iterations...
    Average latency: 73.20 ms
  Benchmarking Compiled...
    Warming up with 100 iterations...
    Timing 100 iterations...
    Average latency: 76.04 ms

--- Benchmarking mobilenet_quantized_width0.25_num_classes1000 (batch_size=8) ---
  Loading mobilenet_quantized with config: {'width': 0.25, 'shallow': False, 'num_classes': 1000}
  ✅ Successfully loaded mobilenet_quantized
  ✅ Model moved to cuda
  Testing Eager mode...
  ✅ Eager mode working
  Testing Compiled mode...
    Compiling model (first run)...
  ✅ Compilation successful
  Benchmarking Eager...
    Warming up with 100 iterations...
    Timing 100 iterations...
    Average latency: 36.59 ms
  Benchmarking Compiled...
    Warming up with 100 iterations...
    Timing 100 iterations...
    Average latency: 38.35 ms

--- Benchmarking mobilenet_quantized_width0.5_num_classes1000 (batch_size=8) ---
  Loading mobilenet_quantized with config: {'width': 0.5, 'shallow': False, 'num_classes': 1000}
  ✅ Successfully loaded mobilenet_quantized
  ✅ Model moved to cuda
  Testing Eager mode...
  ✅ Eager mode working
  Testing Compiled mode...
    Compiling model (first run)...
  ✅ Compilation successful
  Benchmarking Eager...
    Warming up with 100 iterations...
    Timing 100 iterations...
    Average latency: 37.09 ms
  Benchmarking Compiled...
    Warming up with 100 iterations...
    Timing 100 iterations...
    Average latency: 39.65 ms

--- Benchmarking mobilenet_quantized_width1.0_num_classes1000 (batch_size=8) ---
  Loading mobilenet_quantized with config: {'width': 1.0, 'shallow': False, 'num_classes': 1000}
  ✅ Successfully loaded mobilenet_quantized
  ✅ Model moved to cuda
  Testing Eager mode...
  ✅ Eager mode working
  Testing Compiled mode...
    Compiling model (first run)...
  ✅ Compilation successful
  Benchmarking Eager...
    Warming up with 100 iterations...
    Timing 100 iterations...
    Average latency: 37.23 ms
  Benchmarking Compiled...
    Warming up with 100 iterations...
    Timing 100 iterations...
    Average latency: 37.88 ms

--- Benchmarking mobilenet_quantized_width1.4_num_classes1000 (batch_size=8) ---
  Loading mobilenet_quantized with config: {'width': 1.4, 'shallow': False, 'num_classes': 1000}
  ✅ Successfully loaded mobilenet_quantized
  ✅ Model moved to cuda
  Testing Eager mode...
  ✅ Eager mode working
  Testing Compiled mode...
    Compiling model (first run)...
  ✅ Compilation successful
  Benchmarking Eager...
    Warming up with 100 iterations...
    Timing 100 iterations...
    Average latency: 39.58 ms
  Benchmarking Compiled...
    Warming up with 100 iterations...
    Timing 100 iterations...
    Average latency: 39.60 ms

--- Benchmarking mobilenet_quantized_width1.0_shallow_num_classes1000 (batch_size=8) ---
  Loading mobilenet_quantized with config: {'width': 1.0, 'shallow': True, 'num_classes': 1000}
  ✅ Successfully loaded mobilenet_quantized
  ✅ Model moved to cuda
  Testing Eager mode...
  ✅ Eager mode working
  Testing Compiled mode...
    Compiling model (first run)...
  ✅ Compilation successful
  Benchmarking Eager...
    Warming up with 100 iterations...
    Timing 100 iterations...
    Average latency: 25.09 ms
  Benchmarking Compiled...
    Warming up with 100 iterations...
    Timing 100 iterations...
    Average latency: 24.37 ms

--- Benchmarking mobilenet_quantized_width1.0_num_classes1000 (batch_size=8) ---
  Loading mobilenet_quantized with config: {'width': 1.0, 'shallow': False, 'num_classes': 1000}
  ✅ Successfully loaded mobilenet_quantized
  ✅ Model moved to cuda
  Testing Eager mode...
  ✅ Eager mode working
  Testing Compiled mode...
    Compiling model (first run)...
  ✅ Compilation successful
  Benchmarking Eager...
    Warming up with 100 iterations...
    Timing 100 iterations...
    Average latency: 37.10 ms
  Benchmarking Compiled...
    Warming up with 100 iterations...
    Timing 100 iterations...
    Average latency: 38.35 ms

============================================================
BATCH SIZE 16
============================================================

--- Benchmarking resnet_quantized_depth18 (batch_size=16) ---
  Loading resnet_quantized with config: {'depth': 18, 'dataset': 'imagenet'}
  ✅ Successfully loaded resnet_quantized
  ✅ Model moved to cuda
  Testing Eager mode...
  ✅ Eager mode working
  Testing Compiled mode...
    Compiling model (first run)...
  ✅ Compilation successful
  Benchmarking Eager...
    Warming up with 100 iterations...
    Timing 100 iterations...
    Average latency: 28.08 ms
  Benchmarking Compiled...
    Warming up with 100 iterations...
    Timing 100 iterations...
    Average latency: 29.15 ms

--- Benchmarking resnet_quantized_depth34 (batch_size=16) ---
  Loading resnet_quantized with config: {'depth': 34, 'dataset': 'imagenet'}
  ✅ Successfully loaded resnet_quantized
  ✅ Model moved to cuda
  Testing Eager mode...
  ✅ Eager mode working
  Testing Compiled mode...
    Compiling model (first run)...
  ✅ Compilation successful
  Benchmarking Eager...
    Warming up with 100 iterations...
    Timing 100 iterations...
    Average latency: 47.99 ms
  Benchmarking Compiled...
    Warming up with 100 iterations...
    Timing 100 iterations...
    Average latency: 53.32 ms

--- Benchmarking resnet_quantized_depth50 (batch_size=16) ---
  Loading resnet_quantized with config: {'depth': 50, 'dataset': 'imagenet'}
  ✅ Successfully loaded resnet_quantized
  ✅ Model moved to cuda
  Testing Eager mode...
  ✅ Eager mode working
  Testing Compiled mode...
    Compiling model (first run)...
  ✅ Compilation successful
  Benchmarking Eager...
    Warming up with 100 iterations...
    Timing 100 iterations...
    Average latency: 81.49 ms
  Benchmarking Compiled...
    Warming up with 100 iterations...
    Timing 100 iterations...
    Average latency: 77.06 ms

--- Benchmarking resnet_quantized_depth101 (batch_size=16) ---
  Loading resnet_quantized with config: {'depth': 101, 'dataset': 'imagenet'}
  ✅ Successfully loaded resnet_quantized
  ✅ Model moved to cuda
  Testing Eager mode...
  ✅ Eager mode working
  Testing Compiled mode...
    Compiling model (first run)...
  ✅ Compilation successful
  Benchmarking Eager...
    Warming up with 100 iterations...
    Timing 100 iterations...
    Average latency: 143.57 ms
  Benchmarking Compiled...
    Warming up with 100 iterations...
    Timing 100 iterations...
    Average latency: 142.60 ms

--- Benchmarking resnet_quantized_depth152 (batch_size=16) ---
  Loading resnet_quantized with config: {'depth': 152, 'dataset': 'imagenet'}
  ✅ Successfully loaded resnet_quantized
  ✅ Model moved to cuda
  Testing Eager mode...
  ✅ Eager mode working
  Testing Compiled mode...
    Compiling model (first run)...
  ✅ Compilation successful
  Benchmarking Eager...
    Warming up with 100 iterations...
    Timing 100 iterations...
    Average latency: 209.38 ms
  Benchmarking Compiled...
    Warming up with 100 iterations...
    Timing 100 iterations...
    Average latency: 217.49 ms

--- Benchmarking resnet_quantized_float_bn_depth18 (batch_size=16) ---
  Loading resnet_quantized_float_bn with config: {'depth': 18, 'dataset': 'imagenet'}
  ✅ Successfully loaded resnet_quantized_float_bn
  ✅ Model moved to cuda
  Testing Eager mode...
  ✅ Eager mode working
  Testing Compiled mode...
    Compiling model (first run)...
  ✅ Compilation successful
  Benchmarking Eager...
    Warming up with 100 iterations...
    Timing 100 iterations...
    Average latency: 10.36 ms
  Benchmarking Compiled...
    Warming up with 100 iterations...
    Timing 100 iterations...
    Average latency: 10.52 ms

--- Benchmarking resnet_quantized_float_bn_depth34 (batch_size=16) ---
  Loading resnet_quantized_float_bn with config: {'depth': 34, 'dataset': 'imagenet'}
  ✅ Successfully loaded resnet_quantized_float_bn
  ✅ Model moved to cuda
  Testing Eager mode...
  ✅ Eager mode working
  Testing Compiled mode...
    Compiling model (first run)...
  ✅ Compilation successful
  Benchmarking Eager...
    Warming up with 100 iterations...
    Timing 100 iterations...
    Average latency: 17.71 ms
  Benchmarking Compiled...
    Warming up with 100 iterations...
    Timing 100 iterations...
    Average latency: 18.63 ms

--- Benchmarking resnet_quantized_float_bn_depth50 (batch_size=16) ---
  Loading resnet_quantized_float_bn with config: {'depth': 50, 'dataset': 'imagenet'}
  ✅ Successfully loaded resnet_quantized_float_bn
  ✅ Model moved to cuda
  Testing Eager mode...
  ✅ Eager mode working
  Testing Compiled mode...
    Compiling model (first run)...
  ✅ Compilation successful
  Benchmarking Eager...
    Warming up with 100 iterations...
    Timing 100 iterations...
    Average latency: 30.94 ms
  Benchmarking Compiled...
    Warming up with 100 iterations...
    Timing 100 iterations...
    Average latency: 28.70 ms

--- Benchmarking resnet_quantized_float_bn_depth101 (batch_size=16) ---
  Loading resnet_quantized_float_bn with config: {'depth': 101, 'dataset': 'imagenet'}
  ✅ Successfully loaded resnet_quantized_float_bn
  ✅ Model moved to cuda
  Testing Eager mode...
  ✅ Eager mode working
  Testing Compiled mode...
    Compiling model (first run)...
  ✅ Compilation successful
  Benchmarking Eager...
    Warming up with 100 iterations...
    Timing 100 iterations...
    Average latency: 55.38 ms
  Benchmarking Compiled...
    Warming up with 100 iterations...
    Timing 100 iterations...
    Average latency: 53.26 ms

--- Benchmarking resnet_quantized_float_bn_depth152 (batch_size=16) ---
  Loading resnet_quantized_float_bn with config: {'depth': 152, 'dataset': 'imagenet'}
  ✅ Successfully loaded resnet_quantized_float_bn
  ✅ Model moved to cuda
  Testing Eager mode...
  ✅ Eager mode working
  Testing Compiled mode...
    Compiling model (first run)...
  ✅ Compilation successful
  Benchmarking Eager...
    Warming up with 100 iterations...
    Timing 100 iterations...
    Average latency: 78.44 ms
  Benchmarking Compiled...
    Warming up with 100 iterations...
    Timing 100 iterations...
    Average latency: 76.41 ms

--- Benchmarking mobilenet_quantized_width0.25_num_classes1000 (batch_size=16) ---
  Loading mobilenet_quantized with config: {'width': 0.25, 'shallow': False, 'num_classes': 1000}
  ✅ Successfully loaded mobilenet_quantized
  ✅ Model moved to cuda
  Testing Eager mode...
  ✅ Eager mode working
  Testing Compiled mode...
    Compiling model (first run)...
  ✅ Compilation successful
  Benchmarking Eager...
    Warming up with 100 iterations...
    Timing 100 iterations...
    Average latency: 35.63 ms
  Benchmarking Compiled...
    Warming up with 100 iterations...
    Timing 100 iterations...
    Average latency: 37.38 ms

--- Benchmarking mobilenet_quantized_width0.5_num_classes1000 (batch_size=16) ---
  Loading mobilenet_quantized with config: {'width': 0.5, 'shallow': False, 'num_classes': 1000}
  ✅ Successfully loaded mobilenet_quantized
  ✅ Model moved to cuda
  Testing Eager mode...
  ✅ Eager mode working
  Testing Compiled mode...
    Compiling model (first run)...
  ✅ Compilation successful
  Benchmarking Eager...
    Warming up with 100 iterations...
    Timing 100 iterations...
    Average latency: 37.81 ms
  Benchmarking Compiled...
    Warming up with 100 iterations...
    Timing 100 iterations...
    Average latency: 37.54 ms

--- Benchmarking mobilenet_quantized_width1.0_num_classes1000 (batch_size=16) ---
  Loading mobilenet_quantized with config: {'width': 1.0, 'shallow': False, 'num_classes': 1000}
  ✅ Successfully loaded mobilenet_quantized
  ✅ Model moved to cuda
  Testing Eager mode...
  ✅ Eager mode working
  Testing Compiled mode...
    Compiling model (first run)...
  ✅ Compilation successful
  Benchmarking Eager...
    Warming up with 100 iterations...
    Timing 100 iterations...
    Average latency: 40.65 ms
  Benchmarking Compiled...
    Warming up with 100 iterations...
    Timing 100 iterations...
    Average latency: 39.09 ms

--- Benchmarking mobilenet_quantized_width1.4_num_classes1000 (batch_size=16) ---
  Loading mobilenet_quantized with config: {'width': 1.4, 'shallow': False, 'num_classes': 1000}
  ✅ Successfully loaded mobilenet_quantized
  ✅ Model moved to cuda
  Testing Eager mode...
  ✅ Eager mode working
  Testing Compiled mode...
    Compiling model (first run)...
  ✅ Compilation successful
  Benchmarking Eager...
    Warming up with 100 iterations...
    Timing 100 iterations...
    Average latency: 48.78 ms
  Benchmarking Compiled...
    Warming up with 100 iterations...
    Timing 100 iterations...
    Average latency: 43.43 ms

--- Benchmarking mobilenet_quantized_width1.0_shallow_num_classes1000 (batch_size=16) ---
  Loading mobilenet_quantized with config: {'width': 1.0, 'shallow': True, 'num_classes': 1000}
  ✅ Successfully loaded mobilenet_quantized
  ✅ Model moved to cuda
  Testing Eager mode...
  ✅ Eager mode working
  Testing Compiled mode...
    Compiling model (first run)...
  ✅ Compilation successful
  Benchmarking Eager...
    Warming up with 100 iterations...
    Timing 100 iterations...
    Average latency: 28.28 ms
  Benchmarking Compiled...
    Warming up with 100 iterations...
    Timing 100 iterations...
    Average latency: 26.08 ms

--- Benchmarking mobilenet_quantized_width1.0_num_classes1000 (batch_size=16) ---
  Loading mobilenet_quantized with config: {'width': 1.0, 'shallow': False, 'num_classes': 1000}
  ✅ Successfully loaded mobilenet_quantized
  ✅ Model moved to cuda
  Testing Eager mode...
  ✅ Eager mode working
  Testing Compiled mode...
    Compiling model (first run)...
  ✅ Compilation successful
  Benchmarking Eager...
    Warming up with 100 iterations...
    Timing 100 iterations...
    Average latency: 41.24 ms
  Benchmarking Compiled...
    Warming up with 100 iterations...
    Timing 100 iterations...
    Average latency: 39.57 ms

✅ Results saved: quantized_results/quantized_benchmark_20250626_002259.csv

===========================================================================
QUANTIZED MODEL RESULTS SUMMARY
===========================================================================
Model                               BS  Eager(ms)  Compiled(ms)  Speedup 
----------------------------------------------------------------------
resnet_quantized_depth18            1   26.34      21.62         1.22   🚀
resnet_quantized_depth34            1   45.72      39.11         1.17   🚀
resnet_quantized_depth50            1   68.68      74.16         0.93   🐌
resnet_quantized_depth101           1   130.84     142.98        0.92   🐌
resnet_quantized_depth152           1   198.12     213.24        0.93   🐌
resnet_quantized_float_bn_depth18   1   9.77       10.43         0.94   🐌
resnet_quantized_float_bn_depth34   1   17.48      18.73         0.93   🐌
resnet_quantized_float_bn_depth50   1   28.11      27.77         1.01   🚀
resnet_quantized_float_bn_depth101  1   49.33      52.58         0.94   🐌
resnet_quantized_float_bn_depth152  1   73.73      77.91         0.95   🐌
mobilenet_quantized_width0.25_num.. 1   36.36      37.86         0.96   🐌
mobilenet_quantized_width0.5_num_.. 1   36.40      37.49         0.97   🐌
mobilenet_quantized_width1.0_num_.. 1   36.93      38.26         0.97   🐌
mobilenet_quantized_width1.4_num_.. 1   36.02      37.88         0.95   🐌
mobilenet_quantized_width1.0_shal.. 1   23.10      23.99         0.96   🐌
mobilenet_quantized_width1.0_num_.. 1   37.70      38.45         0.98   🐌
resnet_quantized_depth18            4   26.36      28.45         0.93   🐌
resnet_quantized_depth34            4   47.16      52.77         0.89   🐌
resnet_quantized_depth50            4   67.03      72.25         0.93   🐌
resnet_quantized_depth101           4   128.00     145.36        0.88   🐌
resnet_quantized_depth152           4   192.35     211.97        0.91   🐌
resnet_quantized_float_bn_depth18   4   10.01      10.54         0.95   🐌
resnet_quantized_float_bn_depth34   4   17.65      18.67         0.95   🐌
resnet_quantized_float_bn_depth50   4   25.47      27.46         0.93   🐌
resnet_quantized_float_bn_depth101  4   50.22      51.35         0.98   🐌
resnet_quantized_float_bn_depth152  4   76.13      74.86         1.02   🚀
mobilenet_quantized_width0.25_num.. 4   36.37      37.92         0.96   🐌
mobilenet_quantized_width0.5_num_.. 4   42.08      37.55         1.12   🚀
mobilenet_quantized_width1.0_num_.. 4   38.16      37.73         1.01   🚀
mobilenet_quantized_width1.4_num_.. 4   36.57      38.20         0.96   🐌
mobilenet_quantized_width1.0_shal.. 4   23.43      23.74         0.99   🐌
mobilenet_quantized_width1.0_num_.. 4   36.01      37.47         0.96   🐌
resnet_quantized_depth18            8   26.03      28.41         0.92   🐌
resnet_quantized_depth34            8   45.69      55.99         0.82   🐌
resnet_quantized_depth50            8   68.57      72.91         0.94   🐌
resnet_quantized_depth101           8   131.30     141.12        0.93   🐌
resnet_quantized_depth152           8   196.81     212.23        0.93   🐌
resnet_quantized_float_bn_depth18   8   10.09      10.41         0.97   🐌
resnet_quantized_float_bn_depth34   8   17.52      18.39         0.95   🐌
resnet_quantized_float_bn_depth50   8   26.21      27.77         0.94   🐌
resnet_quantized_float_bn_depth101  8   51.68      52.81         0.98   🐌
resnet_quantized_float_bn_depth152  8   73.20      76.04         0.96   🐌
mobilenet_quantized_width0.25_num.. 8   36.59      38.35         0.95   🐌
mobilenet_quantized_width0.5_num_.. 8   37.09      39.65         0.94   🐌
mobilenet_quantized_width1.0_num_.. 8   37.23      37.88         0.98   🐌
mobilenet_quantized_width1.4_num_.. 8   39.58      39.60         1.00   🐌
mobilenet_quantized_width1.0_shal.. 8   25.09      24.37         1.03   🚀
mobilenet_quantized_width1.0_num_.. 8   37.10      38.35         0.97   🐌
resnet_quantized_depth18            16  28.08      29.15         0.96   🐌
resnet_quantized_depth34            16  47.99      53.32         0.90   🐌
resnet_quantized_depth50            16  81.49      77.06         1.06   🚀
resnet_quantized_depth101           16  143.57     142.60        1.01   🚀
resnet_quantized_depth152           16  209.38     217.49        0.96   🐌
resnet_quantized_float_bn_depth18   16  10.36      10.52         0.98   🐌
resnet_quantized_float_bn_depth34   16  17.71      18.63         0.95   🐌
resnet_quantized_float_bn_depth50   16  30.94      28.70         1.08   🚀
resnet_quantized_float_bn_depth101  16  55.38      53.26         1.04   🚀
resnet_quantized_float_bn_depth152  16  78.44      76.41         1.03   🚀
mobilenet_quantized_width0.25_num.. 16  35.63      37.38         0.95   🐌
mobilenet_quantized_width0.5_num_.. 16  37.81      37.54         1.01   🚀
mobilenet_quantized_width1.0_num_.. 16  40.65      39.09         1.04   🚀
mobilenet_quantized_width1.4_num_.. 16  48.78      43.43         1.12   🚀
mobilenet_quantized_width1.0_shal.. 16  28.28      26.08         1.08   🚀
mobilenet_quantized_width1.0_num_.. 16  41.24      39.57         1.04   🚀
===========================================================================
Average speedup: 0.98x
Successful compilations: 64/64
---------------------------------------
Begin Slurm Epilog: Jun-26-2025 00:23:30
Job ID:        5597145
User ID:       jchen3392
Account:       gts-ur2
Job name:      my_a100_job
Resources:     cpu=2,gres/gpu:a100=1,mem=32G,node=1
Rsrc Used:     cput=01:03:18,vmem=0,walltime=00:31:39,mem=1673456K,energy_used=0
Partition:     gpu-a100
QOS:           inferno
Nodes:         atl1-1-02-018-27-0
---------------------------------------
