
CondaError: Run 'conda init' before 'conda deactivate'

W0623 00:47:00.952000 1553091 /storage/coda1/p-ur2/0/jchen3392/conda/envs/torch_env/lib/python3.12/site-packages/torch/_dynamo/variables/tensor.py:776] [0/0] Graph break from `Tensor.item()`, consider setting:
W0623 00:47:00.952000 1553091 /storage/coda1/p-ur2/0/jchen3392/conda/envs/torch_env/lib/python3.12/site-packages/torch/_dynamo/variables/tensor.py:776] [0/0]     torch._dynamo.config.capture_scalar_outputs = True
W0623 00:47:00.952000 1553091 /storage/coda1/p-ur2/0/jchen3392/conda/envs/torch_env/lib/python3.12/site-packages/torch/_dynamo/variables/tensor.py:776] [0/0] or:
W0623 00:47:00.952000 1553091 /storage/coda1/p-ur2/0/jchen3392/conda/envs/torch_env/lib/python3.12/site-packages/torch/_dynamo/variables/tensor.py:776] [0/0]     env TORCHDYNAMO_CAPTURE_SCALAR_OUTPUTS=1
W0623 00:47:00.952000 1553091 /storage/coda1/p-ur2/0/jchen3392/conda/envs/torch_env/lib/python3.12/site-packages/torch/_dynamo/variables/tensor.py:776] [0/0] to include these operations in the captured graph.
W0623 00:47:00.952000 1553091 /storage/coda1/p-ur2/0/jchen3392/conda/envs/torch_env/lib/python3.12/site-packages/torch/_dynamo/variables/tensor.py:776] [0/0] 
W0623 00:47:00.952000 1553091 /storage/coda1/p-ur2/0/jchen3392/conda/envs/torch_env/lib/python3.12/site-packages/torch/_dynamo/variables/tensor.py:776] [0/0] Graph break: from user code at:
W0623 00:47:00.952000 1553091 /storage/coda1/p-ur2/0/jchen3392/conda/envs/torch_env/lib/python3.12/site-packages/torch/_dynamo/variables/tensor.py:776] [0/0]   File "/storage/coda1/p-ur2/0/jchen3392/quantized.pytorch/models/resnet_quantized.py", line 141, in forward
W0623 00:47:00.952000 1553091 /storage/coda1/p-ur2/0/jchen3392/conda/envs/torch_env/lib/python3.12/site-packages/torch/_dynamo/variables/tensor.py:776] [0/0]     x = self.conv1(x)
W0623 00:47:00.952000 1553091 /storage/coda1/p-ur2/0/jchen3392/conda/envs/torch_env/lib/python3.12/site-packages/torch/_dynamo/variables/tensor.py:776] [0/0]   File "/storage/coda1/p-ur2/0/jchen3392/quantized.pytorch/models/modules/quantize.py", line 188, in forward
W0623 00:47:00.952000 1553091 /storage/coda1/p-ur2/0/jchen3392/conda/envs/torch_env/lib/python3.12/site-packages/torch/_dynamo/variables/tensor.py:776] [0/0]     qinput = self.quantize_input(input)
W0623 00:47:00.952000 1553091 /storage/coda1/p-ur2/0/jchen3392/conda/envs/torch_env/lib/python3.12/site-packages/torch/_dynamo/variables/tensor.py:776] [0/0]   File "/storage/coda1/p-ur2/0/jchen3392/quantized.pytorch/models/modules/quantize.py", line 171, in forward
W0623 00:47:00.952000 1553091 /storage/coda1/p-ur2/0/jchen3392/conda/envs/torch_env/lib/python3.12/site-packages/torch/_dynamo/variables/tensor.py:776] [0/0]     return quantize(input, self.num_bits, min_value=float(min_value), max_value=float(max_value), num_chunks=16)
W0623 00:47:00.952000 1553091 /storage/coda1/p-ur2/0/jchen3392/conda/envs/torch_env/lib/python3.12/site-packages/torch/_dynamo/variables/tensor.py:776] [0/0] 
W0623 00:47:00.952000 1553091 /storage/coda1/p-ur2/0/jchen3392/conda/envs/torch_env/lib/python3.12/site-packages/torch/_dynamo/variables/tensor.py:776] [0/0] 
W0623 00:47:27.286000 1553091 /storage/coda1/p-ur2/0/jchen3392/conda/envs/torch_env/lib/python3.12/site-packages/torch/_dynamo/convert_frame.py:844] [6/8] torch._dynamo hit config.cache_size_limit (8)
W0623 00:47:27.286000 1553091 /storage/coda1/p-ur2/0/jchen3392/conda/envs/torch_env/lib/python3.12/site-packages/torch/_dynamo/convert_frame.py:844] [6/8]    function: 'torch_dynamo_resume_in_forward_at_190' (/storage/coda1/p-ur2/0/jchen3392/quantized.pytorch/models/modules/quantize.py:190)
W0623 00:47:27.286000 1553091 /storage/coda1/p-ur2/0/jchen3392/conda/envs/torch_env/lib/python3.12/site-packages/torch/_dynamo/convert_frame.py:844] [6/8]    last reason: 6/0: tensor 'L['self']._parameters['weight']' size mismatch at index 0. expected 64, actual 128. Guard failed on a parameter, consider using torch._dynamo.config.force_parameter_static_shapes = False to allow dynamism on parameters.
W0623 00:47:27.286000 1553091 /storage/coda1/p-ur2/0/jchen3392/conda/envs/torch_env/lib/python3.12/site-packages/torch/_dynamo/convert_frame.py:844] [6/8] To log all recompilation reasons, use TORCH_LOGS="recompiles".
W0623 00:47:27.286000 1553091 /storage/coda1/p-ur2/0/jchen3392/conda/envs/torch_env/lib/python3.12/site-packages/torch/_dynamo/convert_frame.py:844] [6/8] To diagnose recompilation issues, see https://pytorch.org/docs/main/torch.compiler_troubleshooting.html.
W0623 00:47:30.848000 1553091 /storage/coda1/p-ur2/0/jchen3392/conda/envs/torch_env/lib/python3.12/site-packages/torch/_dynamo/convert_frame.py:844] [5/8] torch._dynamo hit config.cache_size_limit (8)
W0623 00:47:30.848000 1553091 /storage/coda1/p-ur2/0/jchen3392/conda/envs/torch_env/lib/python3.12/site-packages/torch/_dynamo/convert_frame.py:844] [5/8]    function: 'torch_dynamo_resume_in_forward_at_188' (/storage/coda1/p-ur2/0/jchen3392/quantized.pytorch/models/modules/quantize.py:188)
W0623 00:47:30.848000 1553091 /storage/coda1/p-ur2/0/jchen3392/conda/envs/torch_env/lib/python3.12/site-packages/torch/_dynamo/convert_frame.py:844] [5/8]    last reason: 5/0: tensor 'L['self']._parameters['weight']' size mismatch at index 0. expected 64, actual 512. Guard failed on a parameter, consider using torch._dynamo.config.force_parameter_static_shapes = False to allow dynamism on parameters.
W0623 00:47:30.848000 1553091 /storage/coda1/p-ur2/0/jchen3392/conda/envs/torch_env/lib/python3.12/site-packages/torch/_dynamo/convert_frame.py:844] [5/8] To log all recompilation reasons, use TORCH_LOGS="recompiles".
W0623 00:47:30.848000 1553091 /storage/coda1/p-ur2/0/jchen3392/conda/envs/torch_env/lib/python3.12/site-packages/torch/_dynamo/convert_frame.py:844] [5/8] To diagnose recompilation issues, see https://pytorch.org/docs/main/torch.compiler_troubleshooting.html.
W0623 00:48:30.148000 1553091 /storage/coda1/p-ur2/0/jchen3392/conda/envs/torch_env/lib/python3.12/site-packages/torch/_dynamo/convert_frame.py:844] [13/8] torch._dynamo hit config.cache_size_limit (8)
W0623 00:48:30.148000 1553091 /storage/coda1/p-ur2/0/jchen3392/conda/envs/torch_env/lib/python3.12/site-packages/torch/_dynamo/convert_frame.py:844] [13/8]    function: 'torch_dynamo_resume_in_forward_at_296' (/storage/coda1/p-ur2/0/jchen3392/quantized.pytorch/models/modules/quantize.py:296)
W0623 00:48:30.148000 1553091 /storage/coda1/p-ur2/0/jchen3392/conda/envs/torch_env/lib/python3.12/site-packages/torch/_dynamo/convert_frame.py:844] [13/8]    last reason: 13/0: L['___stack3'] == 1.0                                       
W0623 00:48:30.148000 1553091 /storage/coda1/p-ur2/0/jchen3392/conda/envs/torch_env/lib/python3.12/site-packages/torch/_dynamo/convert_frame.py:844] [13/8] To log all recompilation reasons, use TORCH_LOGS="recompiles".
W0623 00:48:30.148000 1553091 /storage/coda1/p-ur2/0/jchen3392/conda/envs/torch_env/lib/python3.12/site-packages/torch/_dynamo/convert_frame.py:844] [13/8] To diagnose recompilation issues, see https://pytorch.org/docs/main/torch.compiler_troubleshooting.html.
W0623 00:48:52.602000 1553091 /storage/coda1/p-ur2/0/jchen3392/conda/envs/torch_env/lib/python3.12/site-packages/torch/_dynamo/convert_frame.py:844] [10/8] torch._dynamo hit config.cache_size_limit (8)
W0623 00:48:52.602000 1553091 /storage/coda1/p-ur2/0/jchen3392/conda/envs/torch_env/lib/python3.12/site-packages/torch/_dynamo/convert_frame.py:844] [10/8]    function: 'torch_dynamo_resume_in_forward_at_265' (/storage/coda1/p-ur2/0/jchen3392/quantized.pytorch/models/modules/quantize.py:265)
W0623 00:48:52.602000 1553091 /storage/coda1/p-ur2/0/jchen3392/conda/envs/torch_env/lib/python3.12/site-packages/torch/_dynamo/convert_frame.py:844] [10/8]    last reason: 10/4: tensor 'L['self']._buffers['running_mean']' size mismatch at index 0. expected 32, actual 256
W0623 00:48:52.602000 1553091 /storage/coda1/p-ur2/0/jchen3392/conda/envs/torch_env/lib/python3.12/site-packages/torch/_dynamo/convert_frame.py:844] [10/8] To log all recompilation reasons, use TORCH_LOGS="recompiles".
W0623 00:48:52.602000 1553091 /storage/coda1/p-ur2/0/jchen3392/conda/envs/torch_env/lib/python3.12/site-packages/torch/_dynamo/convert_frame.py:844] [10/8] To diagnose recompilation issues, see https://pytorch.org/docs/main/torch.compiler_troubleshooting.html.
W0623 00:49:28.271000 1553091 /storage/coda1/p-ur2/0/jchen3392/conda/envs/torch_env/lib/python3.12/site-packages/torch/_dynamo/convert_frame.py:844] [34/8] torch._dynamo hit config.cache_size_limit (8)
W0623 00:49:28.271000 1553091 /storage/coda1/p-ur2/0/jchen3392/conda/envs/torch_env/lib/python3.12/site-packages/torch/_dynamo/convert_frame.py:844] [34/8]    function: 'torch_dynamo_resume_in_forward_at_44' (/storage/coda1/p-ur2/0/jchen3392/quantized.pytorch/models/resnet_quantized_float_bn.py:44)
W0623 00:49:28.271000 1553091 /storage/coda1/p-ur2/0/jchen3392/conda/envs/torch_env/lib/python3.12/site-packages/torch/_dynamo/convert_frame.py:844] [34/8]    last reason: 34/0: len(L['self']._modules) == 5                                
W0623 00:49:28.271000 1553091 /storage/coda1/p-ur2/0/jchen3392/conda/envs/torch_env/lib/python3.12/site-packages/torch/_dynamo/convert_frame.py:844] [34/8] To log all recompilation reasons, use TORCH_LOGS="recompiles".
W0623 00:49:28.271000 1553091 /storage/coda1/p-ur2/0/jchen3392/conda/envs/torch_env/lib/python3.12/site-packages/torch/_dynamo/convert_frame.py:844] [34/8] To diagnose recompilation issues, see https://pytorch.org/docs/main/torch.compiler_troubleshooting.html.
W0623 00:49:33.102000 1553091 /storage/coda1/p-ur2/0/jchen3392/conda/envs/torch_env/lib/python3.12/site-packages/torch/_dynamo/convert_frame.py:844] [28/8] torch._dynamo hit config.cache_size_limit (8)
W0623 00:49:33.102000 1553091 /storage/coda1/p-ur2/0/jchen3392/conda/envs/torch_env/lib/python3.12/site-packages/torch/_dynamo/convert_frame.py:844] [28/8]    function: 'torch_dynamo_resume_in_forward_at_222' (/storage/coda1/p-ur2/0/jchen3392/quantized.pytorch/models/modules/quantize.py:222)
W0623 00:49:33.102000 1553091 /storage/coda1/p-ur2/0/jchen3392/conda/envs/torch_env/lib/python3.12/site-packages/torch/_dynamo/convert_frame.py:844] [28/8]    last reason: 28/0: L['___stack3'] == -0.04433600977063179                      
W0623 00:49:33.102000 1553091 /storage/coda1/p-ur2/0/jchen3392/conda/envs/torch_env/lib/python3.12/site-packages/torch/_dynamo/convert_frame.py:844] [28/8] To log all recompilation reasons, use TORCH_LOGS="recompiles".
W0623 00:49:33.102000 1553091 /storage/coda1/p-ur2/0/jchen3392/conda/envs/torch_env/lib/python3.12/site-packages/torch/_dynamo/convert_frame.py:844] [28/8] To diagnose recompilation issues, see https://pytorch.org/docs/main/torch.compiler_troubleshooting.html.
