---------------------------------------
Begin Slurm Prolog: Jun-23-2025 00:43:44
Job ID:    5380566
User ID:   jchen3392
Account:   gts-ur2
Job name:  my_a100_job
Partition: gpu-a100
QOS:       inferno
---------------------------------------
Mon Jun 23 00:43:49 2025       
+-----------------------------------------------------------------------------------------+
| NVIDIA-SMI 570.124.06             Driver Version: 570.124.06     CUDA Version: 12.8     |
|-----------------------------------------+------------------------+----------------------+
| GPU  Name                 Persistence-M | Bus-Id          Disp.A | Volatile Uncorr. ECC |
| Fan  Temp   Perf          Pwr:Usage/Cap |           Memory-Usage | GPU-Util  Compute M. |
|                                         |                        |               MIG M. |
|=========================================+========================+======================|
|   0  NVIDIA A100-PCIE-40GB          On  |   00000000:25:00.0 Off |                    0 |
| N/A   35C    P0             47W /  250W |       1MiB /  40960MiB |      0%      Default |
|                                         |                        |             Disabled |
+-----------------------------------------+------------------------+----------------------+
                                                                                         
+-----------------------------------------------------------------------------------------+
| Processes:                                                                              |
|  GPU   GI   CI              PID   Type   Process name                        GPU Memory |
|        ID   ID                                                               Usage      |
|=========================================================================================|
|  No running processes found                                                             |
+-----------------------------------------------------------------------------------------+
✅ Found quantized.pytorch at: ../quantized.pytorch
🎯 QUANTIZED MODEL COMPILATION BENCHMARK
============================================================
🔍 SETUP CHECK
PyTorch version: 2.5.1
CUDA available: True
GPU: NVIDIA A100-PCIE-40GB
✅ Setup looks good! Using quantized repo at: /storage/coda1/p-ur2/0/jchen3392/quantized.pytorch
Testing basic PyTorch functionality...
✅ Basic PyTorch CUDA test passed: torch.Size([2, 3])
🎯 QUANTIZED MODEL COMPILATION BENCHMARK
PyTorch version: 2.5.1
GPU Information:
  Device: NVIDIA A100-PCIE-40GB
  CUDA version: 11.8
  Memory: 42.4 GB
  Compute capability: 8.0
Methodology: 50 warmup + 50 timing iterations with CUDA events

Available models in repository: ['resnet', 'resnet_bwn', 'resnet_quantized', 'resnet_quantized_float_bn', 'resnext', 'inception_resnet_v2', 'inception_v2', 'mobilenet', 'mobilenet_quantized']
Found quantized models: ['resnet_quantized', 'resnet_quantized_float_bn', 'mobilenet_quantized']
Will test 5 model configurations

============================================================
BATCH SIZE 1
============================================================

--- Benchmarking resnet_quantized_depth18 (batch_size=1) ---
  Loading resnet_quantized with config: {'depth': 18, 'dataset': 'imagenet'}
  ✅ Successfully loaded resnet_quantized
  ✅ Model moved to cuda
  Testing Eager mode...
  ✅ Eager mode working
  Testing Compiled mode...
    Compiling model (first run)...
  ✅ Compilation successful
  Benchmarking Eager...
    Warming up with 100 iterations...
    Timing 100 iterations...
    Average latency: 26.04 ms
  Benchmarking Compiled...
    Warming up with 100 iterations...
    Timing 100 iterations...
    Average latency: 21.58 ms

--- Benchmarking resnet_quantized_depth34 (batch_size=1) ---
  Loading resnet_quantized with config: {'depth': 34, 'dataset': 'imagenet'}
  ✅ Successfully loaded resnet_quantized
  ✅ Model moved to cuda
  Testing Eager mode...
  ✅ Eager mode working
  Testing Compiled mode...
    Compiling model (first run)...
  ✅ Compilation successful
  Benchmarking Eager...
    Warming up with 100 iterations...
    Timing 100 iterations...
    Average latency: 46.30 ms
  Benchmarking Compiled...
    Warming up with 100 iterations...
    Timing 100 iterations...
    Average latency: 38.52 ms

--- Benchmarking resnet_quantized_float_bn_depth18 (batch_size=1) ---
  Loading resnet_quantized_float_bn with config: {'depth': 18, 'dataset': 'imagenet'}
  ✅ Successfully loaded resnet_quantized_float_bn
  ✅ Model moved to cuda
  Testing Eager mode...
  ✅ Eager mode working
  Testing Compiled mode...
    Compiling model (first run)...
  ✅ Compilation successful
  Benchmarking Eager...
    Warming up with 100 iterations...
    Timing 100 iterations...
    Average latency: 10.02 ms
  Benchmarking Compiled...
    Warming up with 100 iterations...
    Timing 100 iterations...
    Average latency: 10.54 ms

--- Benchmarking resnet_quantized_float_bn_depth34 (batch_size=1) ---
  Loading resnet_quantized_float_bn with config: {'depth': 34, 'dataset': 'imagenet'}
  ✅ Successfully loaded resnet_quantized_float_bn
  ✅ Model moved to cuda
  Testing Eager mode...
  ✅ Eager mode working
  Testing Compiled mode...
    Compiling model (first run)...
  ✅ Compilation successful
  Benchmarking Eager...
    Warming up with 100 iterations...
    Timing 100 iterations...
    Average latency: 17.73 ms
  Benchmarking Compiled...
    Warming up with 100 iterations...
    Timing 100 iterations...
    Average latency: 18.63 ms

--- Benchmarking mobilenet_quantized (batch_size=1) ---
  Loading mobilenet_quantized with config: {'dataset': 'imagenet'}
  ✅ Successfully loaded mobilenet_quantized
  ✅ Model moved to cuda
  Testing Eager mode...
  ✅ Eager mode working
  Testing Compiled mode...
    Compiling model (first run)...
  ✅ Compilation successful
  Benchmarking Eager...
    Warming up with 100 iterations...
    Timing 100 iterations...
    Average latency: 36.45 ms
  Benchmarking Compiled...
    Warming up with 100 iterations...
    Timing 100 iterations...
    Average latency: 37.38 ms

============================================================
BATCH SIZE 4
============================================================

--- Benchmarking resnet_quantized_depth18 (batch_size=4) ---
  Loading resnet_quantized with config: {'depth': 18, 'dataset': 'imagenet'}
  ✅ Successfully loaded resnet_quantized
  ✅ Model moved to cuda
  Testing Eager mode...
  ✅ Eager mode working
  Testing Compiled mode...
    Compiling model (first run)...
  ✅ Compilation successful
  Benchmarking Eager...
    Warming up with 100 iterations...
    Timing 100 iterations...
    Average latency: 25.27 ms
  Benchmarking Compiled...
    Warming up with 100 iterations...
    Timing 100 iterations...
    Average latency: 27.67 ms

--- Benchmarking resnet_quantized_depth34 (batch_size=4) ---
  Loading resnet_quantized with config: {'depth': 34, 'dataset': 'imagenet'}
  ✅ Successfully loaded resnet_quantized
  ✅ Model moved to cuda
  Testing Eager mode...
  ✅ Eager mode working
  Testing Compiled mode...
    Compiling model (first run)...
  ✅ Compilation successful
  Benchmarking Eager...
    Warming up with 100 iterations...
    Timing 100 iterations...
    Average latency: 44.97 ms
  Benchmarking Compiled...
    Warming up with 100 iterations...
    Timing 100 iterations...
    Average latency: 49.89 ms

--- Benchmarking resnet_quantized_float_bn_depth18 (batch_size=4) ---
  Loading resnet_quantized_float_bn with config: {'depth': 18, 'dataset': 'imagenet'}
  ✅ Successfully loaded resnet_quantized_float_bn
  ✅ Model moved to cuda
  Testing Eager mode...
  ✅ Eager mode working
  Testing Compiled mode...
    Compiling model (first run)...
  ✅ Compilation successful
  Benchmarking Eager...
    Warming up with 100 iterations...
    Timing 100 iterations...
    Average latency: 9.79 ms
  Benchmarking Compiled...
    Warming up with 100 iterations...
    Timing 100 iterations...
    Average latency: 10.11 ms

--- Benchmarking resnet_quantized_float_bn_depth34 (batch_size=4) ---
  Loading resnet_quantized_float_bn with config: {'depth': 34, 'dataset': 'imagenet'}
  ✅ Successfully loaded resnet_quantized_float_bn
  ✅ Model moved to cuda
  Testing Eager mode...
  ✅ Eager mode working
  Testing Compiled mode...
    Compiling model (first run)...
  ✅ Compilation successful
  Benchmarking Eager...
    Warming up with 100 iterations...
    Timing 100 iterations...
    Average latency: 17.37 ms
  Benchmarking Compiled...
    Warming up with 100 iterations...
    Timing 100 iterations...
    Average latency: 18.39 ms

--- Benchmarking mobilenet_quantized (batch_size=4) ---
  Loading mobilenet_quantized with config: {'dataset': 'imagenet'}
  ✅ Successfully loaded mobilenet_quantized
  ✅ Model moved to cuda
  Testing Eager mode...
  ✅ Eager mode working
  Testing Compiled mode...
    Compiling model (first run)...
  ✅ Compilation successful
  Benchmarking Eager...
    Warming up with 100 iterations...
    Timing 100 iterations...
    Average latency: 35.74 ms
  Benchmarking Compiled...
    Warming up with 100 iterations...
    Timing 100 iterations...
    Average latency: 37.63 ms

============================================================
BATCH SIZE 8
============================================================

--- Benchmarking resnet_quantized_depth18 (batch_size=8) ---
  Loading resnet_quantized with config: {'depth': 18, 'dataset': 'imagenet'}
  ✅ Successfully loaded resnet_quantized
  ✅ Model moved to cuda
  Testing Eager mode...
  ✅ Eager mode working
  Testing Compiled mode...
    Compiling model (first run)...
  ✅ Compilation successful
  Benchmarking Eager...
    Warming up with 100 iterations...
    Timing 100 iterations...
    Average latency: 25.92 ms
  Benchmarking Compiled...
    Warming up with 100 iterations...
    Timing 100 iterations...
    Average latency: 27.70 ms

--- Benchmarking resnet_quantized_depth34 (batch_size=8) ---
  Loading resnet_quantized with config: {'depth': 34, 'dataset': 'imagenet'}
  ✅ Successfully loaded resnet_quantized
  ✅ Model moved to cuda
  Testing Eager mode...
  ✅ Eager mode working
  Testing Compiled mode...
    Compiling model (first run)...
  ✅ Compilation successful
  Benchmarking Eager...
    Warming up with 100 iterations...
    Timing 100 iterations...
    Average latency: 45.97 ms
  Benchmarking Compiled...
    Warming up with 100 iterations...
    Timing 100 iterations...
    Average latency: 49.79 ms

--- Benchmarking resnet_quantized_float_bn_depth18 (batch_size=8) ---
  Loading resnet_quantized_float_bn with config: {'depth': 18, 'dataset': 'imagenet'}
  ✅ Successfully loaded resnet_quantized_float_bn
  ✅ Model moved to cuda
  Testing Eager mode...
  ✅ Eager mode working
  Testing Compiled mode...
    Compiling model (first run)...
  ✅ Compilation successful
  Benchmarking Eager...
    Warming up with 100 iterations...
    Timing 100 iterations...
    Average latency: 9.97 ms
  Benchmarking Compiled...
    Warming up with 100 iterations...
    Timing 100 iterations...
    Average latency: 10.28 ms

--- Benchmarking resnet_quantized_float_bn_depth34 (batch_size=8) ---
  Loading resnet_quantized_float_bn with config: {'depth': 34, 'dataset': 'imagenet'}
  ✅ Successfully loaded resnet_quantized_float_bn
  ✅ Model moved to cuda
  Testing Eager mode...
  ✅ Eager mode working
  Testing Compiled mode...
    Compiling model (first run)...
  ✅ Compilation successful
  Benchmarking Eager...
    Warming up with 100 iterations...
    Timing 100 iterations...
    Average latency: 17.32 ms
  Benchmarking Compiled...
    Warming up with 100 iterations...
    Timing 100 iterations...
    Average latency: 18.62 ms

--- Benchmarking mobilenet_quantized (batch_size=8) ---
  Loading mobilenet_quantized with config: {'dataset': 'imagenet'}
  ✅ Successfully loaded mobilenet_quantized
  ✅ Model moved to cuda
  Testing Eager mode...
  ✅ Eager mode working
  Testing Compiled mode...
    Compiling model (first run)...
  ✅ Compilation successful
  Benchmarking Eager...
    Warming up with 100 iterations...
    Timing 100 iterations...
    Average latency: 36.90 ms
  Benchmarking Compiled...
    Warming up with 100 iterations...
    Timing 100 iterations...
    Average latency: 38.25 ms

============================================================
BATCH SIZE 16
============================================================

--- Benchmarking resnet_quantized_depth18 (batch_size=16) ---
  Loading resnet_quantized with config: {'depth': 18, 'dataset': 'imagenet'}
  ✅ Successfully loaded resnet_quantized
  ✅ Model moved to cuda
  Testing Eager mode...
  ✅ Eager mode working
  Testing Compiled mode...
    Compiling model (first run)...
  ✅ Compilation successful
  Benchmarking Eager...
    Warming up with 100 iterations...
    Timing 100 iterations...
    Average latency: 31.74 ms
  Benchmarking Compiled...
    Warming up with 100 iterations...
    Timing 100 iterations...
    Average latency: 28.80 ms

--- Benchmarking resnet_quantized_depth34 (batch_size=16) ---
  Loading resnet_quantized with config: {'depth': 34, 'dataset': 'imagenet'}
  ✅ Successfully loaded resnet_quantized
  ✅ Model moved to cuda
  Testing Eager mode...
  ✅ Eager mode working
  Testing Compiled mode...
    Compiling model (first run)...
  ✅ Compilation successful
  Benchmarking Eager...
    Warming up with 100 iterations...
    Timing 100 iterations...
    Average latency: 48.11 ms
  Benchmarking Compiled...
    Warming up with 100 iterations...
    Timing 100 iterations...
    Average latency: 49.90 ms

--- Benchmarking resnet_quantized_float_bn_depth18 (batch_size=16) ---
  Loading resnet_quantized_float_bn with config: {'depth': 18, 'dataset': 'imagenet'}
  ✅ Successfully loaded resnet_quantized_float_bn
  ✅ Model moved to cuda
  Testing Eager mode...
  ✅ Eager mode working
  Testing Compiled mode...
    Compiling model (first run)...
  ✅ Compilation successful
  Benchmarking Eager...
    Warming up with 100 iterations...
    Timing 100 iterations...
    Average latency: 10.32 ms
  Benchmarking Compiled...
    Warming up with 100 iterations...
    Timing 100 iterations...
    Average latency: 10.69 ms

--- Benchmarking resnet_quantized_float_bn_depth34 (batch_size=16) ---
  Loading resnet_quantized_float_bn with config: {'depth': 34, 'dataset': 'imagenet'}
  ✅ Successfully loaded resnet_quantized_float_bn
  ✅ Model moved to cuda
  Testing Eager mode...
  ✅ Eager mode working
  Testing Compiled mode...
    Compiling model (first run)...
  ✅ Compilation successful
  Benchmarking Eager...
    Warming up with 100 iterations...
    Timing 100 iterations...
    Average latency: 17.68 ms
  Benchmarking Compiled...
    Warming up with 100 iterations...
    Timing 100 iterations...
    Average latency: 18.35 ms

--- Benchmarking mobilenet_quantized (batch_size=16) ---
  Loading mobilenet_quantized with config: {'dataset': 'imagenet'}
  ✅ Successfully loaded mobilenet_quantized
  ✅ Model moved to cuda
  Testing Eager mode...
  ✅ Eager mode working
  Testing Compiled mode...
    Compiling model (first run)...
  ✅ Compilation successful
  Benchmarking Eager...
    Warming up with 100 iterations...
    Timing 100 iterations...
    Average latency: 40.50 ms
  Benchmarking Compiled...
    Warming up with 100 iterations...
    Timing 100 iterations...
    Average latency: 38.96 ms

✅ Results saved: quantized_results/quantized_benchmark_20250623_005154.csv

===========================================================================
QUANTIZED MODEL RESULTS SUMMARY
===========================================================================
Model                               BS  Eager(ms)  Compiled(ms)  Speedup 
----------------------------------------------------------------------
resnet_quantized_depth18            1   26.04      21.58         1.21   🚀
resnet_quantized_depth34            1   46.30      38.52         1.20   🚀
resnet_quantized_float_bn_depth18   1   10.02      10.54         0.95   🐌
resnet_quantized_float_bn_depth34   1   17.73      18.63         0.95   🐌
mobilenet_quantized                 1   36.45      37.38         0.98   🐌
resnet_quantized_depth18            4   25.27      27.67         0.91   🐌
resnet_quantized_depth34            4   44.97      49.89         0.90   🐌
resnet_quantized_float_bn_depth18   4   9.79       10.11         0.97   🐌
resnet_quantized_float_bn_depth34   4   17.37      18.39         0.94   🐌
mobilenet_quantized                 4   35.74      37.63         0.95   🐌
resnet_quantized_depth18            8   25.92      27.70         0.94   🐌
resnet_quantized_depth34            8   45.97      49.79         0.92   🐌
resnet_quantized_float_bn_depth18   8   9.97       10.28         0.97   🐌
resnet_quantized_float_bn_depth34   8   17.32      18.62         0.93   🐌
mobilenet_quantized                 8   36.90      38.25         0.96   🐌
resnet_quantized_depth18            16  31.74      28.80         1.10   🚀
resnet_quantized_depth34            16  48.11      49.90         0.96   🐌
resnet_quantized_float_bn_depth18   16  10.32      10.69         0.96   🐌
resnet_quantized_float_bn_depth34   16  17.68      18.35         0.96   🐌
mobilenet_quantized                 16  40.50      38.96         1.04   🚀
===========================================================================
Average speedup: 0.99x
Successful compilations: 20/20
---------------------------------------
Begin Slurm Epilog: Jun-23-2025 00:52:12
Job ID:        5380566
User ID:       jchen3392
Account:       gts-ur2
Job name:      my_a100_job
Resources:     cpu=2,gres/gpu:a100=1,mem=32G,node=1
Rsrc Used:     cput=00:16:56,vmem=0,walltime=00:08:28,mem=1587504K,energy_used=0
Partition:     gpu-a100
QOS:           inferno
Nodes:         atl1-1-02-018-25-0
---------------------------------------
