---------------------------------------
Begin Slurm Prolog: Jun-30-2025 15:37:19
Job ID:    5647059
User ID:   jchen3392
Account:   gts-ur2
Job name:  my_a100_job
Partition: gpu-a100
QOS:       inferno
---------------------------------------
Using Python from: 
PyTorch version: 2.7.1+cu126
CUDA available: True
Mon Jun 30 15:37:31 2025       
+-----------------------------------------------------------------------------------------+
| NVIDIA-SMI 570.124.06             Driver Version: 570.124.06     CUDA Version: 12.8     |
|-----------------------------------------+------------------------+----------------------+
| GPU  Name                 Persistence-M | Bus-Id          Disp.A | Volatile Uncorr. ECC |
| Fan  Temp   Perf          Pwr:Usage/Cap |           Memory-Usage | GPU-Util  Compute M. |
|                                         |                        |               MIG M. |
|=========================================+========================+======================|
|   0  NVIDIA A100-PCIE-40GB          On  |   00000000:C1:00.0 Off |                    0 |
| N/A   42C    P0             49W /  250W |       1MiB /  40960MiB |      0%      Default |
|                                         |                        |             Disabled |
+-----------------------------------------+------------------------+----------------------+
                                                                                         
+-----------------------------------------------------------------------------------------+
| Processes:                                                                              |
|  GPU   GI   CI              PID   Type   Process name                        GPU Memory |
|        ID   ID                                                               Usage      |
|=========================================================================================|
|  No running processes found                                                             |
+-----------------------------------------------------------------------------------------+
Import failed even with compatibility fix: No module named 'python312_fix'
🎯 QUANTIZED MODEL COMPILATION BENCHMARK
============================================================
🔍 SETUP CHECK
PyTorch version: 2.7.1+cu126
CUDA available: True
GPU: NVIDIA A100-PCIE-40GB
✅ Setup looks good! Using quantized repo at: /storage/coda1/p-ur2/0/jchen3392/quantized.pytorch
Testing basic PyTorch functionality...
✅ Basic PyTorch CUDA test passed: torch.Size([2, 3])
🎯 QUANTIZED MODEL COMPILATION BENCHMARK
PyTorch version: 2.7.1+cu126
GPU Information:
  Device: NVIDIA A100-PCIE-40GB
  CUDA version: 12.6
  Memory: 42.4 GB
  Compute capability: 8.0
Methodology: 50 warmup + 50 timing iterations with CUDA events

Available models in repository: ['resnet', 'resnet_bwn', 'resnet_quantized', 'resnet_quantized_float_bn', 'resnext', 'inception_resnet_v2', 'inception_v2', 'mobilenet', 'mobilenet_quantized']
Found quantized models: ['resnet_quantized', 'resnet_quantized_float_bn', 'mobilenet_quantized']
Will test 16 model configurations

============================================================
BATCH SIZE 1
============================================================

--- Benchmarking resnet_quantized_depth18 (batch_size=1) ---
  Loading resnet_quantized with config: {'depth': 18, 'dataset': 'imagenet'}
  ✅ Successfully loaded resnet_quantized
  ✅ Model moved to cuda
  Testing Eager mode...
  ✅ Eager mode working
  Testing Compiled mode...
    Compiling model (first run)...
  ✅ Compilation successful
  Benchmarking Eager...
    Warming up with 100 iterations...
    Timing 100 iterations...
    Average latency: 26.05 ms
  Benchmarking Compiled...
    Warming up with 100 iterations...
    Timing 100 iterations...
    Average latency: 29.18 ms

--- Benchmarking resnet_quantized_depth34 (batch_size=1) ---
  Loading resnet_quantized with config: {'depth': 34, 'dataset': 'imagenet'}
  ✅ Successfully loaded resnet_quantized
  ✅ Model moved to cuda
  Testing Eager mode...
  ✅ Eager mode working
  Testing Compiled mode...
    Compiling model (first run)...
  ✅ Compilation successful
  Benchmarking Eager...
    Warming up with 100 iterations...
    Timing 100 iterations...
    Average latency: 46.47 ms
  Benchmarking Compiled...
    Warming up with 100 iterations...
    Timing 100 iterations...
    Average latency: 53.75 ms

--- Benchmarking resnet_quantized_depth50 (batch_size=1) ---
  Loading resnet_quantized with config: {'depth': 50, 'dataset': 'imagenet'}
  ✅ Successfully loaded resnet_quantized
  ✅ Model moved to cuda
  Testing Eager mode...
  ✅ Eager mode working
  Testing Compiled mode...
    Compiling model (first run)...
  ✅ Compilation successful
  Benchmarking Eager...
    Warming up with 100 iterations...
    Timing 100 iterations...
    Average latency: 67.69 ms
  Benchmarking Compiled...
    Warming up with 100 iterations...
    Timing 100 iterations...
    Average latency: 78.81 ms

--- Benchmarking resnet_quantized_depth101 (batch_size=1) ---
  Loading resnet_quantized with config: {'depth': 101, 'dataset': 'imagenet'}
  ✅ Successfully loaded resnet_quantized
  ✅ Model moved to cuda
  Testing Eager mode...
  ✅ Eager mode working
  Testing Compiled mode...
    Compiling model (first run)...
  ✅ Compilation successful
  Benchmarking Eager...
    Warming up with 100 iterations...
    Timing 100 iterations...
    Average latency: 132.61 ms
  Benchmarking Compiled...
    Warming up with 100 iterations...
    Timing 100 iterations...
    Average latency: 155.83 ms

--- Benchmarking resnet_quantized_depth152 (batch_size=1) ---
  Loading resnet_quantized with config: {'depth': 152, 'dataset': 'imagenet'}
  ✅ Successfully loaded resnet_quantized
  ✅ Model moved to cuda
  Testing Eager mode...
  ✅ Eager mode working
  Testing Compiled mode...
    Compiling model (first run)...
  ✅ Compilation successful
  Benchmarking Eager...
    Warming up with 100 iterations...
    Timing 100 iterations...
    Average latency: 201.04 ms
  Benchmarking Compiled...
    Warming up with 100 iterations...
    Timing 100 iterations...
    Average latency: 231.08 ms

--- Benchmarking resnet_quantized_float_bn_depth18 (batch_size=1) ---
  Loading resnet_quantized_float_bn with config: {'depth': 18, 'dataset': 'imagenet'}
  ✅ Successfully loaded resnet_quantized_float_bn
  ✅ Model moved to cuda
  Testing Eager mode...
  ✅ Eager mode working
  Testing Compiled mode...
    Compiling model (first run)...
  ✅ Compilation successful
  Benchmarking Eager...
    Warming up with 100 iterations...
    Timing 100 iterations...
    Average latency: 10.05 ms
  Benchmarking Compiled...
    Warming up with 100 iterations...
    Timing 100 iterations...
    Average latency: 14.75 ms

--- Benchmarking resnet_quantized_float_bn_depth34 (batch_size=1) ---
  Loading resnet_quantized_float_bn with config: {'depth': 34, 'dataset': 'imagenet'}
  ✅ Successfully loaded resnet_quantized_float_bn
  ✅ Model moved to cuda
  Testing Eager mode...
  ✅ Eager mode working
  Testing Compiled mode...
    Compiling model (first run)...
  ✅ Compilation successful
  Benchmarking Eager...
    Warming up with 100 iterations...
    Timing 100 iterations...
    Average latency: 17.65 ms
  Benchmarking Compiled...
    Warming up with 100 iterations...
    Timing 100 iterations...
    Average latency: 25.89 ms

--- Benchmarking resnet_quantized_float_bn_depth50 (batch_size=1) ---
  Loading resnet_quantized_float_bn with config: {'depth': 50, 'dataset': 'imagenet'}
  ✅ Successfully loaded resnet_quantized_float_bn
  ✅ Model moved to cuda
  Testing Eager mode...
  ✅ Eager mode working
  Testing Compiled mode...
    Compiling model (first run)...
  ✅ Compilation successful
  Benchmarking Eager...
    Warming up with 100 iterations...
    Timing 100 iterations...
    Average latency: 25.58 ms
  Benchmarking Compiled...
    Warming up with 100 iterations...
    Timing 100 iterations...
    Average latency: 34.62 ms

--- Benchmarking resnet_quantized_float_bn_depth101 (batch_size=1) ---
  Loading resnet_quantized_float_bn with config: {'depth': 101, 'dataset': 'imagenet'}
  ✅ Successfully loaded resnet_quantized_float_bn
  ✅ Model moved to cuda
  Testing Eager mode...
  ✅ Eager mode working
  Testing Compiled mode...
    Compiling model (first run)...
  ✅ Compilation successful
  Benchmarking Eager...
    Warming up with 100 iterations...
    Timing 100 iterations...
    Average latency: 50.11 ms
  Benchmarking Compiled...
    Warming up with 100 iterations...
    Timing 100 iterations...
    Average latency: 67.84 ms

--- Benchmarking resnet_quantized_float_bn_depth152 (batch_size=1) ---
  Loading resnet_quantized_float_bn with config: {'depth': 152, 'dataset': 'imagenet'}
  ✅ Successfully loaded resnet_quantized_float_bn
  ✅ Model moved to cuda
  Testing Eager mode...
  ✅ Eager mode working
  Testing Compiled mode...
    Compiling model (first run)...
  ✅ Compilation successful
  Benchmarking Eager...
    Warming up with 100 iterations...
    Timing 100 iterations...
    Average latency: 73.58 ms
  Benchmarking Compiled...
    Warming up with 100 iterations...
    Timing 100 iterations...
    Average latency: 99.82 ms

--- Benchmarking mobilenet_quantized_width0.25_num_classes1000 (batch_size=1) ---
  Loading mobilenet_quantized with config: {'width': 0.25, 'shallow': False, 'num_classes': 1000}
  ✅ Successfully loaded mobilenet_quantized
  ✅ Model moved to cuda
  Testing Eager mode...
  ✅ Eager mode working
  Testing Compiled mode...
    Compiling model (first run)...
  ✅ Compilation successful
  Benchmarking Eager...
    Warming up with 100 iterations...
    Timing 100 iterations...
    Average latency: 36.91 ms
  Benchmarking Compiled...
    Warming up with 100 iterations...
    Timing 100 iterations...
    Average latency: 46.17 ms

--- Benchmarking mobilenet_quantized_width0.5_num_classes1000 (batch_size=1) ---
  Loading mobilenet_quantized with config: {'width': 0.5, 'shallow': False, 'num_classes': 1000}
  ✅ Successfully loaded mobilenet_quantized
  ✅ Model moved to cuda
  Testing Eager mode...
  ✅ Eager mode working
  Testing Compiled mode...
    Compiling model (first run)...
  ✅ Compilation successful
  Benchmarking Eager...
    Warming up with 100 iterations...
    Timing 100 iterations...
    Average latency: 36.44 ms
  Benchmarking Compiled...
    Warming up with 100 iterations...
    Timing 100 iterations...
    Average latency: 46.40 ms

--- Benchmarking mobilenet_quantized_width1.0_num_classes1000 (batch_size=1) ---
  Loading mobilenet_quantized with config: {'width': 1.0, 'shallow': False, 'num_classes': 1000}
  ✅ Successfully loaded mobilenet_quantized
  ✅ Model moved to cuda
  Testing Eager mode...
  ✅ Eager mode working
  Testing Compiled mode...
    Compiling model (first run)...
  ✅ Compilation successful
  Benchmarking Eager...
    Warming up with 100 iterations...
    Timing 100 iterations...
    Average latency: 36.87 ms
  Benchmarking Compiled...
    Warming up with 100 iterations...
    Timing 100 iterations...
    Average latency: 46.85 ms

--- Benchmarking mobilenet_quantized_width1.4_num_classes1000 (batch_size=1) ---
  Loading mobilenet_quantized with config: {'width': 1.4, 'shallow': False, 'num_classes': 1000}
  ✅ Successfully loaded mobilenet_quantized
  ✅ Model moved to cuda
  Testing Eager mode...
  ✅ Eager mode working
  Testing Compiled mode...
    Compiling model (first run)...
  ✅ Compilation successful
  Benchmarking Eager...
    Warming up with 100 iterations...
    Timing 100 iterations...
    Average latency: 36.79 ms
  Benchmarking Compiled...
    Warming up with 100 iterations...
    Timing 100 iterations...
    Average latency: 43.62 ms

--- Benchmarking mobilenet_quantized_width1.0_shallow_num_classes1000 (batch_size=1) ---
  Loading mobilenet_quantized with config: {'width': 1.0, 'shallow': True, 'num_classes': 1000}
  ✅ Successfully loaded mobilenet_quantized
  ✅ Model moved to cuda
  Testing Eager mode...
  ✅ Eager mode working
  Testing Compiled mode...
    Compiling model (first run)...
  ✅ Compilation successful
  Benchmarking Eager...
    Warming up with 100 iterations...
    Timing 100 iterations...
    Average latency: 23.32 ms
  Benchmarking Compiled...
    Warming up with 100 iterations...
    Timing 100 iterations...
    Average latency: 29.65 ms

--- Benchmarking mobilenet_quantized_width1.0_num_classes1000 (batch_size=1) ---
  Loading mobilenet_quantized with config: {'width': 1.0, 'shallow': False, 'num_classes': 1000}
  ✅ Successfully loaded mobilenet_quantized
  ✅ Model moved to cuda
  Testing Eager mode...
  ✅ Eager mode working
  Testing Compiled mode...
    Compiling model (first run)...
  ✅ Compilation successful
  Benchmarking Eager...
    Warming up with 100 iterations...
    Timing 100 iterations...
    Average latency: 36.90 ms
  Benchmarking Compiled...
    Warming up with 100 iterations...
    Timing 100 iterations...
    Average latency: 46.34 ms

============================================================
BATCH SIZE 4
============================================================

--- Benchmarking resnet_quantized_depth18 (batch_size=4) ---
  Loading resnet_quantized with config: {'depth': 18, 'dataset': 'imagenet'}
  ✅ Successfully loaded resnet_quantized
  ✅ Model moved to cuda
  Testing Eager mode...
  ✅ Eager mode working
  Testing Compiled mode...
    Compiling model (first run)...
  ✅ Compilation successful
  Benchmarking Eager...
    Warming up with 100 iterations...
    Timing 100 iterations...
    Average latency: 26.00 ms
  Benchmarking Compiled...
    Warming up with 100 iterations...
    Timing 100 iterations...
    Average latency: 33.53 ms

--- Benchmarking resnet_quantized_depth34 (batch_size=4) ---
  Loading resnet_quantized with config: {'depth': 34, 'dataset': 'imagenet'}
  ✅ Successfully loaded resnet_quantized
  ✅ Model moved to cuda
  Testing Eager mode...
  ✅ Eager mode working
  Testing Compiled mode...
    Compiling model (first run)...
  ✅ Compilation successful
  Benchmarking Eager...
    Warming up with 100 iterations...
    Timing 100 iterations...
    Average latency: 45.79 ms
  Benchmarking Compiled...
    Warming up with 100 iterations...
    Timing 100 iterations...
    Average latency: 59.54 ms

--- Benchmarking resnet_quantized_depth50 (batch_size=4) ---
  Loading resnet_quantized with config: {'depth': 50, 'dataset': 'imagenet'}
  ✅ Successfully loaded resnet_quantized
  ✅ Model moved to cuda
  Testing Eager mode...
  ✅ Eager mode working
  Testing Compiled mode...
    Compiling model (first run)...
  ✅ Compilation successful
  Benchmarking Eager...
    Warming up with 100 iterations...
    Timing 100 iterations...
    Average latency: 67.19 ms
  Benchmarking Compiled...
    Warming up with 100 iterations...
    Timing 100 iterations...
    Average latency: 86.53 ms

--- Benchmarking resnet_quantized_depth101 (batch_size=4) ---
  Loading resnet_quantized with config: {'depth': 101, 'dataset': 'imagenet'}
  ✅ Successfully loaded resnet_quantized
  ✅ Model moved to cuda
  Testing Eager mode...
  ✅ Eager mode working
  Testing Compiled mode...
    Compiling model (first run)...
  ✅ Compilation successful
  Benchmarking Eager...
    Warming up with 100 iterations...
    Timing 100 iterations...
    Average latency: 130.52 ms
  Benchmarking Compiled...
    Warming up with 100 iterations...
    Timing 100 iterations...
    Average latency: 168.26 ms

--- Benchmarking resnet_quantized_depth152 (batch_size=4) ---
  Loading resnet_quantized with config: {'depth': 152, 'dataset': 'imagenet'}
  ✅ Successfully loaded resnet_quantized
  ✅ Model moved to cuda
  Testing Eager mode...
  ✅ Eager mode working
  Testing Compiled mode...
    Compiling model (first run)...
  ✅ Compilation successful
  Benchmarking Eager...
    Warming up with 100 iterations...
    Timing 100 iterations...
    Average latency: 195.24 ms
  Benchmarking Compiled...
    Warming up with 100 iterations...
    Timing 100 iterations...
    Average latency: 250.23 ms

--- Benchmarking resnet_quantized_float_bn_depth18 (batch_size=4) ---
  Loading resnet_quantized_float_bn with config: {'depth': 18, 'dataset': 'imagenet'}
  ✅ Successfully loaded resnet_quantized_float_bn
  ✅ Model moved to cuda
  Testing Eager mode...
  ✅ Eager mode working
  Testing Compiled mode...
    Compiling model (first run)...
  ✅ Compilation successful
  Benchmarking Eager...
    Warming up with 100 iterations...
    Timing 100 iterations...
    Average latency: 10.20 ms
  Benchmarking Compiled...
    Warming up with 100 iterations...
    Timing 100 iterations...
    Average latency: 13.59 ms

--- Benchmarking resnet_quantized_float_bn_depth34 (batch_size=4) ---
  Loading resnet_quantized_float_bn with config: {'depth': 34, 'dataset': 'imagenet'}
  ✅ Successfully loaded resnet_quantized_float_bn
  ✅ Model moved to cuda
  Testing Eager mode...
  ✅ Eager mode working
  Testing Compiled mode...
    Compiling model (first run)...
  ✅ Compilation successful
  Benchmarking Eager...
    Warming up with 100 iterations...
    Timing 100 iterations...
    Average latency: 17.84 ms
  Benchmarking Compiled...
    Warming up with 100 iterations...
    Timing 100 iterations...
    Average latency: 23.71 ms

--- Benchmarking resnet_quantized_float_bn_depth50 (batch_size=4) ---
  Loading resnet_quantized_float_bn with config: {'depth': 50, 'dataset': 'imagenet'}
  ✅ Successfully loaded resnet_quantized_float_bn
  ✅ Model moved to cuda
  Testing Eager mode...
  ✅ Eager mode working
  Testing Compiled mode...
    Compiling model (first run)...
  ✅ Compilation successful
  Benchmarking Eager...
    Warming up with 100 iterations...
    Timing 100 iterations...
    Average latency: 25.61 ms
  Benchmarking Compiled...
    Warming up with 100 iterations...
    Timing 100 iterations...
    Average latency: 33.81 ms

--- Benchmarking resnet_quantized_float_bn_depth101 (batch_size=4) ---
  Loading resnet_quantized_float_bn with config: {'depth': 101, 'dataset': 'imagenet'}
  ✅ Successfully loaded resnet_quantized_float_bn
  ✅ Model moved to cuda
  Testing Eager mode...
  ✅ Eager mode working
  Testing Compiled mode...
    Compiling model (first run)...
  ✅ Compilation successful
  Benchmarking Eager...
    Warming up with 100 iterations...
    Timing 100 iterations...
    Average latency: 48.57 ms
  Benchmarking Compiled...
    Warming up with 100 iterations...
    Timing 100 iterations...
    Average latency: 64.37 ms

--- Benchmarking resnet_quantized_float_bn_depth152 (batch_size=4) ---
  Loading resnet_quantized_float_bn with config: {'depth': 152, 'dataset': 'imagenet'}
  ✅ Successfully loaded resnet_quantized_float_bn
  ✅ Model moved to cuda
  Testing Eager mode...
  ✅ Eager mode working
  Testing Compiled mode...
    Compiling model (first run)...
  ✅ Compilation successful
  Benchmarking Eager...
    Warming up with 100 iterations...
    Timing 100 iterations...
    Average latency: 72.40 ms
  Benchmarking Compiled...
    Warming up with 100 iterations...
    Timing 100 iterations...
    Average latency: 95.27 ms

--- Benchmarking mobilenet_quantized_width0.25_num_classes1000 (batch_size=4) ---
  Loading mobilenet_quantized with config: {'width': 0.25, 'shallow': False, 'num_classes': 1000}
  ✅ Successfully loaded mobilenet_quantized
  ✅ Model moved to cuda
  Testing Eager mode...
  ✅ Eager mode working
  Testing Compiled mode...
    Compiling model (first run)...
  ✅ Compilation successful
  Benchmarking Eager...
    Warming up with 100 iterations...
    Timing 100 iterations...
    Average latency: 37.37 ms
  Benchmarking Compiled...
    Warming up with 100 iterations...
    Timing 100 iterations...
    Average latency: 44.20 ms

--- Benchmarking mobilenet_quantized_width0.5_num_classes1000 (batch_size=4) ---
  Loading mobilenet_quantized with config: {'width': 0.5, 'shallow': False, 'num_classes': 1000}
  ✅ Successfully loaded mobilenet_quantized
  ✅ Model moved to cuda
  Testing Eager mode...
  ✅ Eager mode working
  Testing Compiled mode...
    Compiling model (first run)...
  ✅ Compilation successful
  Benchmarking Eager...
    Warming up with 100 iterations...
    Timing 100 iterations...
    Average latency: 37.15 ms
  Benchmarking Compiled...
    Warming up with 100 iterations...
    Timing 100 iterations...
    Average latency: 43.59 ms

--- Benchmarking mobilenet_quantized_width1.0_num_classes1000 (batch_size=4) ---
  Loading mobilenet_quantized with config: {'width': 1.0, 'shallow': False, 'num_classes': 1000}
  ✅ Successfully loaded mobilenet_quantized
  ✅ Model moved to cuda
  Testing Eager mode...
  ✅ Eager mode working
  Testing Compiled mode...
    Compiling model (first run)...
  ✅ Compilation successful
  Benchmarking Eager...
    Warming up with 100 iterations...
    Timing 100 iterations...
    Average latency: 36.57 ms
  Benchmarking Compiled...
    Warming up with 100 iterations...
    Timing 100 iterations...
    Average latency: 43.57 ms

--- Benchmarking mobilenet_quantized_width1.4_num_classes1000 (batch_size=4) ---
  Loading mobilenet_quantized with config: {'width': 1.4, 'shallow': False, 'num_classes': 1000}
  ✅ Successfully loaded mobilenet_quantized
  ✅ Model moved to cuda
  Testing Eager mode...
  ✅ Eager mode working
  Testing Compiled mode...
    Compiling model (first run)...
  ✅ Compilation successful
  Benchmarking Eager...
    Warming up with 100 iterations...
    Timing 100 iterations...
    Average latency: 36.72 ms
  Benchmarking Compiled...
    Warming up with 100 iterations...
    Timing 100 iterations...
    Average latency: 44.35 ms

--- Benchmarking mobilenet_quantized_width1.0_shallow_num_classes1000 (batch_size=4) ---
  Loading mobilenet_quantized with config: {'width': 1.0, 'shallow': True, 'num_classes': 1000}
  ✅ Successfully loaded mobilenet_quantized
  ✅ Model moved to cuda
  Testing Eager mode...
  ✅ Eager mode working
  Testing Compiled mode...
    Compiling model (first run)...
  ✅ Compilation successful
  Benchmarking Eager...
    Warming up with 100 iterations...
    Timing 100 iterations...
    Average latency: 23.23 ms
  Benchmarking Compiled...
    Warming up with 100 iterations...
    Timing 100 iterations...
    Average latency: 27.85 ms

--- Benchmarking mobilenet_quantized_width1.0_num_classes1000 (batch_size=4) ---
  Loading mobilenet_quantized with config: {'width': 1.0, 'shallow': False, 'num_classes': 1000}
  ✅ Successfully loaded mobilenet_quantized
  ✅ Model moved to cuda
  Testing Eager mode...
  ✅ Eager mode working
  Testing Compiled mode...
    Compiling model (first run)...
  ✅ Compilation successful
  Benchmarking Eager...
    Warming up with 100 iterations...
    Timing 100 iterations...
    Average latency: 36.36 ms
  Benchmarking Compiled...
    Warming up with 100 iterations...
    Timing 100 iterations...
    Average latency: 43.37 ms

============================================================
BATCH SIZE 8
============================================================

--- Benchmarking resnet_quantized_depth18 (batch_size=8) ---
  Loading resnet_quantized with config: {'depth': 18, 'dataset': 'imagenet'}
  ✅ Successfully loaded resnet_quantized
  ✅ Model moved to cuda
  Testing Eager mode...
  ✅ Eager mode working
  Testing Compiled mode...
    Compiling model (first run)...
  ✅ Compilation successful
  Benchmarking Eager...
    Warming up with 100 iterations...
    Timing 100 iterations...
    Average latency: 26.23 ms
  Benchmarking Compiled...
    Warming up with 100 iterations...
    Timing 100 iterations...
    Average latency: 33.26 ms

--- Benchmarking resnet_quantized_depth34 (batch_size=8) ---
  Loading resnet_quantized with config: {'depth': 34, 'dataset': 'imagenet'}
  ✅ Successfully loaded resnet_quantized
  ✅ Model moved to cuda
  Testing Eager mode...
  ✅ Eager mode working
  Testing Compiled mode...
    Compiling model (first run)...
  ✅ Compilation successful
  Benchmarking Eager...
    Warming up with 100 iterations...
    Timing 100 iterations...
    Average latency: 46.87 ms
  Benchmarking Compiled...
    Warming up with 100 iterations...
    Timing 100 iterations...
    Average latency: 60.15 ms

--- Benchmarking resnet_quantized_depth50 (batch_size=8) ---
  Loading resnet_quantized with config: {'depth': 50, 'dataset': 'imagenet'}
  ✅ Successfully loaded resnet_quantized
  ✅ Model moved to cuda
  Testing Eager mode...
  ✅ Eager mode working
  Testing Compiled mode...
    Compiling model (first run)...
  ✅ Compilation successful
  Benchmarking Eager...
    Warming up with 100 iterations...
    Timing 100 iterations...
    Average latency: 69.89 ms
  Benchmarking Compiled...
    Warming up with 100 iterations...
    Timing 100 iterations...
    Average latency: 87.44 ms

--- Benchmarking resnet_quantized_depth101 (batch_size=8) ---
  Loading resnet_quantized with config: {'depth': 101, 'dataset': 'imagenet'}
  ✅ Successfully loaded resnet_quantized
  ✅ Model moved to cuda
  Testing Eager mode...
  ✅ Eager mode working
  Testing Compiled mode...
    Compiling model (first run)...
  ✅ Compilation successful
  Benchmarking Eager...
    Warming up with 100 iterations...
    Timing 100 iterations...
    Average latency: 132.87 ms
  Benchmarking Compiled...
    Warming up with 100 iterations...
    Timing 100 iterations...
    Average latency: 169.22 ms

--- Benchmarking resnet_quantized_depth152 (batch_size=8) ---
  Loading resnet_quantized with config: {'depth': 152, 'dataset': 'imagenet'}
  ✅ Successfully loaded resnet_quantized
  ✅ Model moved to cuda
  Testing Eager mode...
  ✅ Eager mode working
  Testing Compiled mode...
    Compiling model (first run)...
  ✅ Compilation successful
  Benchmarking Eager...
    Warming up with 100 iterations...
    Timing 100 iterations...
    Average latency: 195.21 ms
  Benchmarking Compiled...
    Warming up with 100 iterations...
    Timing 100 iterations...
    Average latency: 251.16 ms

--- Benchmarking resnet_quantized_float_bn_depth18 (batch_size=8) ---
  Loading resnet_quantized_float_bn with config: {'depth': 18, 'dataset': 'imagenet'}
  ✅ Successfully loaded resnet_quantized_float_bn
  ✅ Model moved to cuda
  Testing Eager mode...
  ✅ Eager mode working
  Testing Compiled mode...
    Compiling model (first run)...
  ✅ Compilation successful
  Benchmarking Eager...
    Warming up with 100 iterations...
    Timing 100 iterations...
    Average latency: 10.10 ms
  Benchmarking Compiled...
    Warming up with 100 iterations...
    Timing 100 iterations...
    Average latency: 13.23 ms

--- Benchmarking resnet_quantized_float_bn_depth34 (batch_size=8) ---
  Loading resnet_quantized_float_bn with config: {'depth': 34, 'dataset': 'imagenet'}
  ✅ Successfully loaded resnet_quantized_float_bn
  ✅ Model moved to cuda
  Testing Eager mode...
  ✅ Eager mode working
  Testing Compiled mode...
    Compiling model (first run)...
  ✅ Compilation successful
  Benchmarking Eager...
    Warming up with 100 iterations...
    Timing 100 iterations...
    Average latency: 17.57 ms
  Benchmarking Compiled...
    Warming up with 100 iterations...
    Timing 100 iterations...
    Average latency: 23.37 ms

--- Benchmarking resnet_quantized_float_bn_depth50 (batch_size=8) ---
  Loading resnet_quantized_float_bn with config: {'depth': 50, 'dataset': 'imagenet'}
  ✅ Successfully loaded resnet_quantized_float_bn
  ✅ Model moved to cuda
  Testing Eager mode...
  ✅ Eager mode working
  Testing Compiled mode...
    Compiling model (first run)...
  ✅ Compilation successful
  Benchmarking Eager...
    Warming up with 100 iterations...
    Timing 100 iterations...
    Average latency: 26.10 ms
  Benchmarking Compiled...
    Warming up with 100 iterations...
    Timing 100 iterations...
    Average latency: 33.70 ms

--- Benchmarking resnet_quantized_float_bn_depth101 (batch_size=8) ---
  Loading resnet_quantized_float_bn with config: {'depth': 101, 'dataset': 'imagenet'}
  ✅ Successfully loaded resnet_quantized_float_bn
  ✅ Model moved to cuda
  Testing Eager mode...
  ✅ Eager mode working
  Testing Compiled mode...
    Compiling model (first run)...
  ✅ Compilation successful
  Benchmarking Eager...
    Warming up with 100 iterations...
    Timing 100 iterations...
    Average latency: 50.12 ms
  Benchmarking Compiled...
    Warming up with 100 iterations...
    Timing 100 iterations...
    Average latency: 65.16 ms

--- Benchmarking resnet_quantized_float_bn_depth152 (batch_size=8) ---
  Loading resnet_quantized_float_bn with config: {'depth': 152, 'dataset': 'imagenet'}
  ✅ Successfully loaded resnet_quantized_float_bn
  ✅ Model moved to cuda
  Testing Eager mode...
  ✅ Eager mode working
  Testing Compiled mode...
    Compiling model (first run)...
  ✅ Compilation successful
  Benchmarking Eager...
    Warming up with 100 iterations...
    Timing 100 iterations...
    Average latency: 72.43 ms
  Benchmarking Compiled...
    Warming up with 100 iterations...
    Timing 100 iterations...
    Average latency: 96.01 ms

--- Benchmarking mobilenet_quantized_width0.25_num_classes1000 (batch_size=8) ---
  Loading mobilenet_quantized with config: {'width': 0.25, 'shallow': False, 'num_classes': 1000}
  ✅ Successfully loaded mobilenet_quantized
  ✅ Model moved to cuda
  Testing Eager mode...
  ✅ Eager mode working
  Testing Compiled mode...
    Compiling model (first run)...
  ✅ Compilation successful
  Benchmarking Eager...
    Warming up with 100 iterations...
    Timing 100 iterations...
    Average latency: 37.09 ms
  Benchmarking Compiled...
    Warming up with 100 iterations...
    Timing 100 iterations...
    Average latency: 43.88 ms

--- Benchmarking mobilenet_quantized_width0.5_num_classes1000 (batch_size=8) ---
  Loading mobilenet_quantized with config: {'width': 0.5, 'shallow': False, 'num_classes': 1000}
  ✅ Successfully loaded mobilenet_quantized
  ✅ Model moved to cuda
  Testing Eager mode...
  ✅ Eager mode working
  Testing Compiled mode...
    Compiling model (first run)...
  ✅ Compilation successful
  Benchmarking Eager...
    Warming up with 100 iterations...
    Timing 100 iterations...
    Average latency: 36.56 ms
  Benchmarking Compiled...
    Warming up with 100 iterations...
    Timing 100 iterations...
    Average latency: 43.88 ms

--- Benchmarking mobilenet_quantized_width1.0_num_classes1000 (batch_size=8) ---
  Loading mobilenet_quantized with config: {'width': 1.0, 'shallow': False, 'num_classes': 1000}
  ✅ Successfully loaded mobilenet_quantized
  ✅ Model moved to cuda
  Testing Eager mode...
  ✅ Eager mode working
  Testing Compiled mode...
    Compiling model (first run)...
  ✅ Compilation successful
  Benchmarking Eager...
    Warming up with 100 iterations...
    Timing 100 iterations...
    Average latency: 37.36 ms
  Benchmarking Compiled...
    Warming up with 100 iterations...
    Timing 100 iterations...
    Average latency: 44.22 ms

--- Benchmarking mobilenet_quantized_width1.4_num_classes1000 (batch_size=8) ---
  Loading mobilenet_quantized with config: {'width': 1.4, 'shallow': False, 'num_classes': 1000}
  ✅ Successfully loaded mobilenet_quantized
  ✅ Model moved to cuda
  Testing Eager mode...
  ✅ Eager mode working
  Testing Compiled mode...
    Compiling model (first run)...
  ✅ Compilation successful
  Benchmarking Eager...
    Warming up with 100 iterations...
    Timing 100 iterations...
    Average latency: 39.60 ms
  Benchmarking Compiled...
    Warming up with 100 iterations...
    Timing 100 iterations...
    Average latency: 45.00 ms

--- Benchmarking mobilenet_quantized_width1.0_shallow_num_classes1000 (batch_size=8) ---
  Loading mobilenet_quantized with config: {'width': 1.0, 'shallow': True, 'num_classes': 1000}
  ✅ Successfully loaded mobilenet_quantized
  ✅ Model moved to cuda
  Testing Eager mode...
  ✅ Eager mode working
  Testing Compiled mode...
    Compiling model (first run)...
  ✅ Compilation successful
  Benchmarking Eager...
    Warming up with 100 iterations...
    Timing 100 iterations...
    Average latency: 23.73 ms
  Benchmarking Compiled...
    Warming up with 100 iterations...
    Timing 100 iterations...
    Average latency: 27.67 ms

--- Benchmarking mobilenet_quantized_width1.0_num_classes1000 (batch_size=8) ---
  Loading mobilenet_quantized with config: {'width': 1.0, 'shallow': False, 'num_classes': 1000}
  ✅ Successfully loaded mobilenet_quantized
  ✅ Model moved to cuda
  Testing Eager mode...
  ✅ Eager mode working
  Testing Compiled mode...
    Compiling model (first run)...
  ✅ Compilation successful
  Benchmarking Eager...
    Warming up with 100 iterations...
    Timing 100 iterations...
    Average latency: 36.86 ms
  Benchmarking Compiled...
    Warming up with 100 iterations...
    Timing 100 iterations...
    Average latency: 44.15 ms

============================================================
BATCH SIZE 16
============================================================

--- Benchmarking resnet_quantized_depth18 (batch_size=16) ---
  Loading resnet_quantized with config: {'depth': 18, 'dataset': 'imagenet'}
  ✅ Successfully loaded resnet_quantized
  ✅ Model moved to cuda
  Testing Eager mode...
  ✅ Eager mode working
  Testing Compiled mode...
    Compiling model (first run)...
  ✅ Compilation successful
  Benchmarking Eager...
    Warming up with 100 iterations...
    Timing 100 iterations...
    Average latency: 27.78 ms
  Benchmarking Compiled...
    Warming up with 100 iterations...
    Timing 100 iterations...
    Average latency: 33.76 ms

--- Benchmarking resnet_quantized_depth34 (batch_size=16) ---
  Loading resnet_quantized with config: {'depth': 34, 'dataset': 'imagenet'}
  ✅ Successfully loaded resnet_quantized
  ✅ Model moved to cuda
  Testing Eager mode...
  ✅ Eager mode working
  Testing Compiled mode...
    Compiling model (first run)...
  ✅ Compilation successful
  Benchmarking Eager...
    Warming up with 100 iterations...
    Timing 100 iterations...
    Average latency: 47.71 ms
  Benchmarking Compiled...
    Warming up with 100 iterations...
    Timing 100 iterations...
    Average latency: 59.46 ms

--- Benchmarking resnet_quantized_depth50 (batch_size=16) ---
  Loading resnet_quantized with config: {'depth': 50, 'dataset': 'imagenet'}
  ✅ Successfully loaded resnet_quantized
  ✅ Model moved to cuda
  Testing Eager mode...
  ✅ Eager mode working
  Testing Compiled mode...
    Compiling model (first run)...
  ✅ Compilation successful
  Benchmarking Eager...
    Warming up with 100 iterations...
    Timing 100 iterations...
    Average latency: 81.35 ms
  Benchmarking Compiled...
    Warming up with 100 iterations...
    Timing 100 iterations...
    Average latency: 87.93 ms

--- Benchmarking resnet_quantized_depth101 (batch_size=16) ---
  Loading resnet_quantized with config: {'depth': 101, 'dataset': 'imagenet'}
  ✅ Successfully loaded resnet_quantized
  ✅ Model moved to cuda
  Testing Eager mode...
  ✅ Eager mode working
  Testing Compiled mode...
    Compiling model (first run)...
  ✅ Compilation successful
  Benchmarking Eager...
    Warming up with 100 iterations...
    Timing 100 iterations...
    Average latency: 144.23 ms
  Benchmarking Compiled...
    Warming up with 100 iterations...
    Timing 100 iterations...
    Average latency: 167.95 ms

--- Benchmarking resnet_quantized_depth152 (batch_size=16) ---
  Loading resnet_quantized with config: {'depth': 152, 'dataset': 'imagenet'}
  ✅ Successfully loaded resnet_quantized
  ✅ Model moved to cuda
  Testing Eager mode...
  ✅ Eager mode working
  Testing Compiled mode...
    Compiling model (first run)...
  ✅ Compilation successful
  Benchmarking Eager...
    Warming up with 100 iterations...
    Timing 100 iterations...
    Average latency: 208.81 ms
  Benchmarking Compiled...
    Warming up with 100 iterations...
    Timing 100 iterations...
    Average latency: 250.36 ms

--- Benchmarking resnet_quantized_float_bn_depth18 (batch_size=16) ---
  Loading resnet_quantized_float_bn with config: {'depth': 18, 'dataset': 'imagenet'}
  ✅ Successfully loaded resnet_quantized_float_bn
  ✅ Model moved to cuda
  Testing Eager mode...
  ✅ Eager mode working
  Testing Compiled mode...
    Compiling model (first run)...
  ✅ Compilation successful
  Benchmarking Eager...
    Warming up with 100 iterations...
    Timing 100 iterations...
    Average latency: 10.34 ms
  Benchmarking Compiled...
    Warming up with 100 iterations...
    Timing 100 iterations...
    Average latency: 13.32 ms

--- Benchmarking resnet_quantized_float_bn_depth34 (batch_size=16) ---
  Loading resnet_quantized_float_bn with config: {'depth': 34, 'dataset': 'imagenet'}
  ✅ Successfully loaded resnet_quantized_float_bn
  ✅ Model moved to cuda
  Testing Eager mode...
  ✅ Eager mode working
  Testing Compiled mode...
    Compiling model (first run)...
  ✅ Compilation successful
  Benchmarking Eager...
    Warming up with 100 iterations...
    Timing 100 iterations...
    Average latency: 17.82 ms
  Benchmarking Compiled...
    Warming up with 100 iterations...
    Timing 100 iterations...
    Average latency: 23.36 ms

--- Benchmarking resnet_quantized_float_bn_depth50 (batch_size=16) ---
  Loading resnet_quantized_float_bn with config: {'depth': 50, 'dataset': 'imagenet'}
  ✅ Successfully loaded resnet_quantized_float_bn
  ✅ Model moved to cuda
  Testing Eager mode...
  ✅ Eager mode working
  Testing Compiled mode...
    Compiling model (first run)...
  ✅ Compilation successful
  Benchmarking Eager...
    Warming up with 100 iterations...
    Timing 100 iterations...
    Average latency: 31.01 ms
  Benchmarking Compiled...
    Warming up with 100 iterations...
    Timing 100 iterations...
    Average latency: 33.79 ms

--- Benchmarking resnet_quantized_float_bn_depth101 (batch_size=16) ---
  Loading resnet_quantized_float_bn with config: {'depth': 101, 'dataset': 'imagenet'}
  ✅ Successfully loaded resnet_quantized_float_bn
  ✅ Model moved to cuda
  Testing Eager mode...
  ✅ Eager mode working
  Testing Compiled mode...
    Compiling model (first run)...
  ✅ Compilation successful
  Benchmarking Eager...
    Warming up with 100 iterations...
    Timing 100 iterations...
    Average latency: 54.43 ms
  Benchmarking Compiled...
    Warming up with 100 iterations...
    Timing 100 iterations...
    Average latency: 64.85 ms

--- Benchmarking resnet_quantized_float_bn_depth152 (batch_size=16) ---
  Loading resnet_quantized_float_bn with config: {'depth': 152, 'dataset': 'imagenet'}
  ✅ Successfully loaded resnet_quantized_float_bn
  ✅ Model moved to cuda
  Testing Eager mode...
  ✅ Eager mode working
  Testing Compiled mode...
    Compiling model (first run)...
  ✅ Compilation successful
  Benchmarking Eager...
    Warming up with 100 iterations...
    Timing 100 iterations...
    Average latency: 78.54 ms
  Benchmarking Compiled...
    Warming up with 100 iterations...
    Timing 100 iterations...
    Average latency: 96.16 ms

--- Benchmarking mobilenet_quantized_width0.25_num_classes1000 (batch_size=16) ---
  Loading mobilenet_quantized with config: {'width': 0.25, 'shallow': False, 'num_classes': 1000}
  ✅ Successfully loaded mobilenet_quantized
  ✅ Model moved to cuda
  Testing Eager mode...
  ✅ Eager mode working
  Testing Compiled mode...
    Compiling model (first run)...
  ✅ Compilation successful
  Benchmarking Eager...
    Warming up with 100 iterations...
    Timing 100 iterations...
    Average latency: 36.36 ms
  Benchmarking Compiled...
    Warming up with 100 iterations...
    Timing 100 iterations...
    Average latency: 43.53 ms

--- Benchmarking mobilenet_quantized_width0.5_num_classes1000 (batch_size=16) ---
  Loading mobilenet_quantized with config: {'width': 0.5, 'shallow': False, 'num_classes': 1000}
  ✅ Successfully loaded mobilenet_quantized
  ✅ Model moved to cuda
  Testing Eager mode...
  ✅ Eager mode working
  Testing Compiled mode...
    Compiling model (first run)...
  ✅ Compilation successful
  Benchmarking Eager...
    Warming up with 100 iterations...
    Timing 100 iterations...
    Average latency: 36.82 ms
  Benchmarking Compiled...
    Warming up with 100 iterations...
    Timing 100 iterations...
    Average latency: 44.11 ms

--- Benchmarking mobilenet_quantized_width1.0_num_classes1000 (batch_size=16) ---
  Loading mobilenet_quantized with config: {'width': 1.0, 'shallow': False, 'num_classes': 1000}
  ✅ Successfully loaded mobilenet_quantized
  ✅ Model moved to cuda
  Testing Eager mode...
  ✅ Eager mode working
  Testing Compiled mode...
    Compiling model (first run)...
  ✅ Compilation successful
  Benchmarking Eager...
    Warming up with 100 iterations...
    Timing 100 iterations...
    Average latency: 40.83 ms
  Benchmarking Compiled...
    Warming up with 100 iterations...
    Timing 100 iterations...
    Average latency: 44.46 ms

--- Benchmarking mobilenet_quantized_width1.4_num_classes1000 (batch_size=16) ---
  Loading mobilenet_quantized with config: {'width': 1.4, 'shallow': False, 'num_classes': 1000}
  ✅ Successfully loaded mobilenet_quantized
  ✅ Model moved to cuda
  Testing Eager mode...
  ✅ Eager mode working
  Testing Compiled mode...
    Compiling model (first run)...
  ✅ Compilation successful
  Benchmarking Eager...
    Warming up with 100 iterations...
    Timing 100 iterations...
    Average latency: 48.95 ms
  Benchmarking Compiled...
    Warming up with 100 iterations...
    Timing 100 iterations...
    Average latency: 47.56 ms

--- Benchmarking mobilenet_quantized_width1.0_shallow_num_classes1000 (batch_size=16) ---
  Loading mobilenet_quantized with config: {'width': 1.0, 'shallow': True, 'num_classes': 1000}
  ✅ Successfully loaded mobilenet_quantized
  ✅ Model moved to cuda
  Testing Eager mode...
  ✅ Eager mode working
  Testing Compiled mode...
    Compiling model (first run)...
  ✅ Compilation successful
  Benchmarking Eager...
    Warming up with 100 iterations...
    Timing 100 iterations...
    Average latency: 27.87 ms
  Benchmarking Compiled...
    Warming up with 100 iterations...
    Timing 100 iterations...
    Average latency: 28.61 ms

--- Benchmarking mobilenet_quantized_width1.0_num_classes1000 (batch_size=16) ---
  Loading mobilenet_quantized with config: {'width': 1.0, 'shallow': False, 'num_classes': 1000}
  ✅ Successfully loaded mobilenet_quantized
  ✅ Model moved to cuda
  Testing Eager mode...
  ✅ Eager mode working
  Testing Compiled mode...
    Compiling model (first run)...
  ✅ Compilation successful
  Benchmarking Eager...
    Warming up with 100 iterations...
    Timing 100 iterations...
    Average latency: 40.91 ms
  Benchmarking Compiled...
    Warming up with 100 iterations...
    Timing 100 iterations...
    Average latency: 44.34 ms

✅ Results saved: quantized_results/quantized_benchmark_20250630_160453.csv

===========================================================================
QUANTIZED MODEL RESULTS SUMMARY
===========================================================================
Model                               BS  Eager(ms)  Compiled(ms)  Speedup 
----------------------------------------------------------------------
resnet_quantized_depth18            1   26.05      29.18         0.89   🐌
resnet_quantized_depth34            1   46.47      53.75         0.86   🐌
resnet_quantized_depth50            1   67.69      78.81         0.86   🐌
resnet_quantized_depth101           1   132.61     155.83        0.85   🐌
resnet_quantized_depth152           1   201.04     231.08        0.87   🐌
resnet_quantized_float_bn_depth18   1   10.05      14.75         0.68   🐌
resnet_quantized_float_bn_depth34   1   17.65      25.89         0.68   🐌
resnet_quantized_float_bn_depth50   1   25.58      34.62         0.74   🐌
resnet_quantized_float_bn_depth101  1   50.11      67.84         0.74   🐌
resnet_quantized_float_bn_depth152  1   73.58      99.82         0.74   🐌
mobilenet_quantized_width0.25_num.. 1   36.91      46.17         0.80   🐌
mobilenet_quantized_width0.5_num_.. 1   36.44      46.40         0.79   🐌
mobilenet_quantized_width1.0_num_.. 1   36.87      46.85         0.79   🐌
mobilenet_quantized_width1.4_num_.. 1   36.79      43.62         0.84   🐌
mobilenet_quantized_width1.0_shal.. 1   23.32      29.65         0.79   🐌
mobilenet_quantized_width1.0_num_.. 1   36.90      46.34         0.80   🐌
resnet_quantized_depth18            4   26.00      33.53         0.78   🐌
resnet_quantized_depth34            4   45.79      59.54         0.77   🐌
resnet_quantized_depth50            4   67.19      86.53         0.78   🐌
resnet_quantized_depth101           4   130.52     168.26        0.78   🐌
resnet_quantized_depth152           4   195.24     250.23        0.78   🐌
resnet_quantized_float_bn_depth18   4   10.20      13.59         0.75   🐌
resnet_quantized_float_bn_depth34   4   17.84      23.71         0.75   🐌
resnet_quantized_float_bn_depth50   4   25.61      33.81         0.76   🐌
resnet_quantized_float_bn_depth101  4   48.57      64.37         0.75   🐌
resnet_quantized_float_bn_depth152  4   72.40      95.27         0.76   🐌
mobilenet_quantized_width0.25_num.. 4   37.37      44.20         0.85   🐌
mobilenet_quantized_width0.5_num_.. 4   37.15      43.59         0.85   🐌
mobilenet_quantized_width1.0_num_.. 4   36.57      43.57         0.84   🐌
mobilenet_quantized_width1.4_num_.. 4   36.72      44.35         0.83   🐌
mobilenet_quantized_width1.0_shal.. 4   23.23      27.85         0.83   🐌
mobilenet_quantized_width1.0_num_.. 4   36.36      43.37         0.84   🐌
resnet_quantized_depth18            8   26.23      33.26         0.79   🐌
resnet_quantized_depth34            8   46.87      60.15         0.78   🐌
resnet_quantized_depth50            8   69.89      87.44         0.80   🐌
resnet_quantized_depth101           8   132.87     169.22        0.79   🐌
resnet_quantized_depth152           8   195.21     251.16        0.78   🐌
resnet_quantized_float_bn_depth18   8   10.10      13.23         0.76   🐌
resnet_quantized_float_bn_depth34   8   17.57      23.37         0.75   🐌
resnet_quantized_float_bn_depth50   8   26.10      33.70         0.77   🐌
resnet_quantized_float_bn_depth101  8   50.12      65.16         0.77   🐌
resnet_quantized_float_bn_depth152  8   72.43      96.01         0.75   🐌
mobilenet_quantized_width0.25_num.. 8   37.09      43.88         0.85   🐌
mobilenet_quantized_width0.5_num_.. 8   36.56      43.88         0.83   🐌
mobilenet_quantized_width1.0_num_.. 8   37.36      44.22         0.84   🐌
mobilenet_quantized_width1.4_num_.. 8   39.60      45.00         0.88   🐌
mobilenet_quantized_width1.0_shal.. 8   23.73      27.67         0.86   🐌
mobilenet_quantized_width1.0_num_.. 8   36.86      44.15         0.83   🐌
resnet_quantized_depth18            16  27.78      33.76         0.82   🐌
resnet_quantized_depth34            16  47.71      59.46         0.80   🐌
resnet_quantized_depth50            16  81.35      87.93         0.93   🐌
resnet_quantized_depth101           16  144.23     167.95        0.86   🐌
resnet_quantized_depth152           16  208.81     250.36        0.83   🐌
resnet_quantized_float_bn_depth18   16  10.34      13.32         0.78   🐌
resnet_quantized_float_bn_depth34   16  17.82      23.36         0.76   🐌
resnet_quantized_float_bn_depth50   16  31.01      33.79         0.92   🐌
resnet_quantized_float_bn_depth101  16  54.43      64.85         0.84   🐌
resnet_quantized_float_bn_depth152  16  78.54      96.16         0.82   🐌
mobilenet_quantized_width0.25_num.. 16  36.36      43.53         0.84   🐌
mobilenet_quantized_width0.5_num_.. 16  36.82      44.11         0.83   🐌
mobilenet_quantized_width1.0_num_.. 16  40.83      44.46         0.92   🐌
mobilenet_quantized_width1.4_num_.. 16  48.95      47.56         1.03   🚀
mobilenet_quantized_width1.0_shal.. 16  27.87      28.61         0.97   🐌
mobilenet_quantized_width1.0_num_.. 16  40.91      44.34         0.92   🐌
===========================================================================
Average speedup: 0.81x
Successful compilations: 64/64
---------------------------------------
Begin Slurm Epilog: Jun-30-2025 16:04:59
Job ID:        5647059
User ID:       jchen3392
Account:       gts-ur2
Job name:      my_a100_job
Resources:     cpu=2,gres/gpu:a100=1,mem=32G,node=1
Rsrc Used:     cput=00:55:20,vmem=0,walltime=00:27:40,mem=1936624K,energy_used=0
Partition:     gpu-a100
QOS:           inferno
Nodes:         atl1-1-02-018-31-0
---------------------------------------
